   Compiling proc-macro2 v1.0.107
   Compiling quote v1.0.47
   Compiling unicode-ident v1.0.24
   Compiling version_check v0.9.5
   Compiling typenum v1.20.1
   Compiling cfg-if v1.0.4
   Compiling subtle v2.6.1
   Compiling libc v0.2.189
   Compiling autocfg v1.5.1
   Compiling cpufeatures v0.2.17
   Compiling cmov v0.5.4
   Compiling zerocopy v0.8.56
   Compiling serde_core v1.0.229
   Compiling rand_core v0.10.1
   Compiling serde v1.0.229
   Compiling semver v1.0.28
   Compiling memchr v2.8.3
   Compiling paste v1.0.15
   Compiling zmij v1.0.23
   Compiling either v1.18.0
   Compiling arrayvec v0.7.8
   Compiling equivalent v1.0.2
   Compiling allocator-api2 v0.2.21
   Compiling serde_json v1.0.151
   Compiling hashbrown v0.17.1
   Compiling once_cell v1.21.4
   Compiling opaque-debug v0.3.1
   Compiling itoa v1.0.18
   Compiling sponge-cursor v0.1.0
   Compiling signature v2.2.0
   Compiling winnow v0.7.15
   Compiling regex-syntax v0.8.11
   Compiling toml_write v0.1.2
   Compiling getrandom v0.4.3
   Compiling zkfmi-measure v0.1.0 (/work/zkpi/rust/zkfmi-measure)
   Compiling hex v0.4.3
   Compiling keccak v0.2.2
   Compiling ctutils v0.4.2
   Compiling itertools v0.13.0
   Compiling ed25519 v2.2.3
   Compiling generic-array v0.14.7
   Compiling ahash v0.8.12
   Compiling num-traits v0.2.19
   Compiling rustc_version v0.4.1
   Compiling hashbrown v0.15.5
   Compiling curve25519-dalek v4.1.3
   Compiling aho-corasick v1.1.5
   Compiling indexmap v2.14.2
   Compiling syn v2.0.119
   Compiling syn v3.0.5
   Compiling num-integer v0.1.47
   Compiling block-buffer v0.10.4
   Compiling crypto-common v0.1.7
   Compiling inout v0.1.4
   Compiling num-bigint v0.4.8
   Compiling digest v0.10.7
   Compiling getrandom v0.2.17
   Compiling universal-hash v0.5.1
   Compiling aead v0.5.2
   Compiling cipher v0.4.4
   Compiling polyval v0.6.2
   Compiling sha2 v0.10.9
   Compiling rand_core v0.6.4
   Compiling hmac v0.12.1
   Compiling ghash v0.5.1
   Compiling ctr v0.9.2
   Compiling hkdf v0.12.4
   Compiling qomm-dsl v0.1.0 (/work/zkpi/rust/qomm-dsl)
   Compiling qomm-mpc v0.1.0 (/work/zkpi/rust/qomm-mpc)
   Compiling regex-automata v0.4.18
   Compiling serde_derive v1.0.229
   Compiling enum-ordinalize-derive v4.4.2
   Compiling enum-ordinalize v4.4.2
   Compiling ppv-lite86 v0.2.21
   Compiling regex v1.13.1
   Compiling rand_chacha v0.3.1
   Compiling rand v0.8.5
   Compiling zeroize_derive v1.5.0
   Compiling ark-serialize-derive v0.5.0
   Compiling ark-ff-macros v0.5.0
   Compiling curve25519-dalek-derive v0.1.1
   Compiling ark-ff-asm v0.5.0
   Compiling educe v0.6.0
   Compiling zeroize v1.9.0
   Compiling ark-std v0.5.0
   Compiling hybrid-array v0.4.15
   Compiling aes v0.8.4
   Compiling serde_spanned v0.6.9
   Compiling toml_datetime v0.6.11
   Compiling ark-serialize v0.5.0
   Compiling toml_edit v0.22.27
   Compiling aes-gcm v0.10.3
   Compiling crypto-common v0.2.2
   Compiling block-buffer v0.12.1
   Compiling module-lattice v0.2.3
   Compiling x25519-dalek v2.0.1
   Compiling ed25519-dalek v2.2.0
   Compiling ark-ff v0.5.0
   Compiling digest v0.11.3
   Compiling kem v0.3.0
   Compiling sha3 v0.11.0
   Compiling shake v0.1.0
   Compiling signature v3.0.0
   Compiling ml-dsa v0.1.1
   Compiling ml-kem v0.3.2
   Compiling toml v0.8.23
   Compiling zkfmi-crypto v0.1.0 (/work/zkfmi-crypto)
   Compiling ark-poly v0.5.0
   Compiling ark-ec v0.5.0
   Compiling ark-bn254 v0.5.0
   Compiling zkfmi-cosnark-trial v0.1.0 (/work/zkfmi-crypto/research/cosnark-trial)
    Finished `test` profile [unoptimized + debuginfo] target(s) in 2m 55s
     Running unittests src/lib.rs (/work/target-native/debug/deps/zkfmi_cosnark_trial-d3a4f238b54ad013)

running 7 tests
test integration::live_run::tests::pending_restart_requires_large_complete_upload_and_expected_root ... ok
test integration::live_run::tests::requires_five_equal_hex_roots_on_both_sides_of_restart ... ok
test integration::query_agreement::tests::any_non_own_row_or_query_equivocation_changes_the_signed_digest ... ok
test integration::query_agreement::tests::roster_pin_and_owner_keys_fail_closed ... ok
test integration::query_agreement::tests::every_security_relevant_query_context_component_is_digest_bound ... ok
test integration::query_agreement::tests::prepared_and_consumed_markers_reject_replay_and_restart ... ok
test integration::query_agreement::tests::seven_distinct_hybrid_approvals_are_mandatory ... ok

test result: ok. 7 passed; 0 failed; 0 ignored; 0 measured; 0 filtered out; finished in 0.64s

    Checking typenum v1.20.1
    Checking cfg-if v1.0.4
    Checking subtle v2.6.1
    Checking cmov v0.5.4
    Checking cpufeatures v0.2.17
    Checking rand_core v0.10.1
    Checking memchr v2.8.3
    Checking arrayvec v0.7.8
    Checking either v1.18.0
    Checking equivalent v1.0.2
    Checking once_cell v1.21.4
    Checking allocator-api2 v0.2.21
    Checking hashbrown v0.17.1
    Checking opaque-debug v0.3.1
    Checking regex-syntax v0.8.11
    Checking signature v2.2.0
    Checking sponge-cursor v0.1.0
    Checking itoa v1.0.18
    Checking winnow v0.7.15
    Checking toml_write v0.1.2
    Checking zkfmi-measure v0.1.0 (/work/zkpi/rust/zkfmi-measure)
    Checking hex v0.4.3
    Checking zeroize v1.9.0
    Checking libc v0.2.189
    Checking zerocopy v0.8.56
    Checking serde_core v1.0.229
   Compiling generic-array v0.14.7
    Checking keccak v0.2.2
    Checking zmij v1.0.23
    Checking num-traits v0.2.19
    Checking ed25519 v2.2.3
    Checking ctutils v0.4.2
    Checking itertools v0.13.0
    Checking hashbrown v0.15.5
    Checking aho-corasick v1.1.5
   Compiling crypto-common v0.1.7
   Compiling block-buffer v0.10.4
    Checking indexmap v2.14.2
   Compiling digest v0.10.7
   Compiling num-integer v0.1.47
   Compiling sha2 v0.10.9
    Checking num-bigint v0.4.8
    Checking hybrid-array v0.4.15
    Checking getrandom v0.2.17
    Checking getrandom v0.4.3
   Compiling qomm-mpc v0.1.0 (/work/zkpi/rust/qomm-mpc)
    Checking rand_core v0.6.4
    Checking inout v0.1.4
    Checking universal-hash v0.5.1
    Checking aead v0.5.2
    Checking cipher v0.4.4
    Checking polyval v0.6.2
    Checking regex-automata v0.4.18
    Checking ctr v0.9.2
    Checking aes v0.8.4
    Checking curve25519-dalek v4.1.3
    Checking hmac v0.12.1
    Checking ghash v0.5.1
    Checking hkdf v0.12.4
    Checking crypto-common v0.2.2
    Checking block-buffer v0.12.1
    Checking module-lattice v0.2.3
    Checking qomm-dsl v0.1.0 (/work/zkpi/rust/qomm-dsl)
    Checking serde v1.0.229
    Checking serde_json v1.0.151
    Checking aes-gcm v0.10.3
   Compiling ark-ff-macros v0.5.0
    Checking digest v0.11.3
    Checking kem v0.3.0
    Checking serde_spanned v0.6.9
    Checking toml_datetime v0.6.11
    Checking sha3 v0.11.0
    Checking signature v3.0.0
    Checking shake v0.1.0
    Checking x25519-dalek v2.0.1
    Checking ed25519-dalek v2.2.0
    Checking toml_edit v0.22.27
    Checking ml-dsa v0.1.1
    Checking ml-kem v0.3.2
    Checking regex v1.13.1
    Checking ppv-lite86 v0.2.21
    Checking ahash v0.8.12
    Checking rand_chacha v0.3.1
    Checking toml v0.8.23
    Checking rand v0.8.5
    Checking zkfmi-crypto v0.1.0 (/work/zkfmi-crypto)
    Checking ark-std v0.5.0
    Checking ark-serialize v0.5.0
    Checking ark-ff v0.5.0
    Checking ark-poly v0.5.0
    Checking ark-ec v0.5.0
    Checking ark-bn254 v0.5.0
    Checking zkfmi-cosnark-trial v0.1.0 (/work/zkfmi-crypto/research/cosnark-trial)
    Finished `dev` profile [unoptimized + debuginfo] target(s) in 2m 42s
