    Checking defmi-avalanche-vm v0.1.0 (/trial/src/defmi/rust/defmi-avalanche-vm)
    Finished `release` profile [optimized] target(s) in 5.89s
   Compiling zkfmi-cosnark-trial v0.1.0 (/trial/src/zkfmi-crypto/research/cosnark-trial)
   Compiling defmi-avalanche-vm v0.1.0 (/trial/src/defmi/rust/defmi-avalanche-vm)
    Finished `release` profile [optimized] target(s) in 35.25s
     Running unittests src/lib.rs (/trial/canonical-target/release/deps/defmi_avalanche_vm-cd4d7d6a06abd701)

running 68 tests
test block::tests::block_round_trip_and_id_are_canonical ... ok
test block::tests::rejects_trailing_bytes ... ok
test execution::cross_domain_tests::refunds_local_reserve_after_remote_partition ... ok
test execution::participant_tests::vm_registers_entity_module_and_auto_consumes_without_a_second_entity_signature ... ok
test execution::cross_domain_tests::executes_cash_against_securities_across_two_vm_states ... ok
test execution::tests::application_lifecycle::closing_one_order_does_not_release_the_counterpartys_remaining_reserve ... ok
test execution::tests::application_lifecycle::expired_pq_keys_block_new_execution_but_preserve_accepted_fill_integrity ... ok
test execution::tests::application_lifecycle::native_claim_redemption_rejects_rebinding_and_legacy_approval_bypass ... ok
test execution::tests::application_lifecycle::application_bridge_retries_exact_certified_bytes_and_checks_finality_receipt ... ok
test execution::tests::application_lifecycle::claim_authorization_keys_are_fresh_per_claim_and_cannot_be_reused ... ok
test execution::tests::application_lifecycle::public_expiry_returns_unfilled_note_to_original_wallet_without_signatures ... ok
test execution::tests::application_lifecycle::native_recipient_redeems_final_refund_without_governance_or_destination_keys ... ok
test execution::tests::application_lifecycle::atomic_native_batch_updates_cumulative_holds_once_and_survives_state_reopen ... ok
test execution::tests::application_note_reservation_verifies_full_proofs_and_survives_restart ... ok
test execution::tests::boj_common_collateral_reservation_and_simultaneous_dvp_are_consensus_atomic ... ok
test execution::tests::concurrent_holds_cannot_both_consume_one_facility_sequence ... ok
test execution::tests::credit_amendment_and_control_require_current_state_and_guarantor_authority ... ok
test execution::tests::csd_note_lifecycle_is_signed_account_free_and_replay_safe ... ok
test execution::tests::expired_reservation_releases_without_maker_or_taker_signature ... ok
test execution::tests::fixed_width_hex_parser_rejects_wrong_width ... ok
test execution::tests::maker_and_taker_reservations_are_atomic_and_need_no_post_quote_signature ... ok
test execution::tests::rust_vm_state_matches_the_native_facility_through_settlement ... ok
test execution::tests::settlement_verifier_trust_anchor_has_the_same_native_and_vm_root ... ok
test execution::tests::seven_node_admission_order_matches_native_defmi_and_cannot_skip_a_lane ... ok
test execution::tests::top_level_action_shape_is_closed ... ok
test execution::tests::vm_rejects_legacy_or_invalid_hybrid_governance_without_changing_state ... ok
test genesis::tests::genesis_config_accepts_avalanche_and_camel_case_node_ids ... ok
test genesis::tests::genesis_wire_round_trip_is_exact ... ok
test genesis::tests::rejects_trailing_and_unsorted_members ... ok
test id::tests::cb58_round_trip_and_checksum_rejection ... ok
test id::tests::vm_id_is_stable ... ok
test research_cocode::tests::active_uploads_share_one_metadata_reserved_proof_budget ... ok
test research_cocode::tests::book_requires_paired_and_distinct_dvp_asset_rails ... ok
test research_cocode::tests::query_roster_is_explicit_immutable_policy_input_not_a_legacy_field ... ok
test state::tests::empty_root_matches_the_cross_runtime_contract ... ok
test state::tests::legacy_note_state_cannot_silently_restart_under_new_nullifier_rules ... ok
test state::tests::state_encoding_is_canonical_and_rejects_bad_keys ... ok
test state::tests::state_root_commits_boj_and_participant_registry_books ... ok
test state_store::tests::canonical_state_and_legacy_state_restore_exactly ... ok
test state_store::tests::interrupted_staging_cannot_produce_a_new_publishable_head ... ok
test state_store::tests::malformed_manifest_count_is_rejected_before_reads ... ok
test state_store::tests::missing_and_tampered_research_proof_blobs_are_rejected ... ok
test state_store::tests::missing_short_and_tampered_state_chunks_are_rejected ... ok
test state_store::tests::multiple_historical_heads_remain_independently_loadable ... ok
test state_store::tests::research_proof_blobs_are_deduplicated_and_rehydrated_exactly ... ok
test execution::tests::anonymous_reservations_settle_without_post_quote_signatures_and_batch_safely ... ok
test state_sync::tests::chunk_request_and_response_reject_trailing_or_wrong_data ... ok
test state_sync::tests::merkle_chunks_verify_independently ... ok
test state_sync::tests::snapshot_limit_is_scoped_to_the_build_mode ... ok
test state_sync::tests::snapshot_tampering_is_rejected ... ok
test state_sync::tests::summary_and_snapshot_round_trip_are_canonical ... ok
test transaction::tests::accepts_atomic_standing_pool_product_settlement_method ... ok
test transaction::tests::canonicalizes_object_key_order ... ok
test transaction::tests::rejects_float_and_non_issue_method ... ok
test vm::tests::admission_cursor_returns_the_next_canonical_venue_epoch_sequence ... ok
test vm::tests::json_rpc_parse_errors_have_the_standard_code ... ok
test vm::tests::note_claim_pages_filter_by_source_or_recipient_and_advance_the_cursor ... ok
test vm::tests::participant_snapshots_expose_capabilities_but_not_canonical_balances ... ok
test vm::tests::settlement_verifier_snapshot_returns_the_canonical_restart_anchor ... ok
test vm::tests::storage_keys_are_binary_and_prefix_stable ... ok
test vm::tests::textual_ids_accept_cb58_and_hex ... ok
test state_store::tests::state_larger_than_rpc_limit_crosses_boundary_in_bounded_calls ... ok
test execution::tests::application_lifecycle::partial_expiry_and_ordered_cancellation_release_exact_current_head ... ok
test execution::tests::application_lifecycle::native_hybrid_fill_and_cancel_reject_missing_corrupt_or_substituted_approval ... ok
test execution::tests::application_lifecycle::unsigned_candidate_verification_never_authorizes_native_execution ... ok
test execution::tests::application_lifecycle::native_monetary_and_head_checks_reject_even_freshly_committee_signed_forgery ... ok
test execution::tests::application_lifecycle::native_batch_rejects_extraction_omission_reorder_and_rolls_back_a_bad_second_fill ... ok
test execution::tests::application_lifecycle::successive_partial_fills_keep_only_remainders_locked_and_recover_after_restart ... ok

test result: ok. 68 passed; 0 failed; 0 ignored; 0 measured; 0 filtered out; finished in 6.14s

     Running unittests src/bin/cocode-canonical-acceptance.rs (/trial/canonical-target/release/deps/cocode_canonical_acceptance-e857189f0702d004)

running 0 tests

test result: ok. 0 passed; 0 failed; 0 ignored; 0 measured; 0 filtered out; finished in 0.00s

     Running unittests src/bin/defmi_network.rs (/trial/canonical-target/release/deps/defmi_network-b542971b32219e1f)

running 2 tests
test tests::decodes_chunked_avalanche_json_with_extensions_and_trailers ... ok
test tests::rejects_a_truncated_chunk ... ok

test result: ok. 2 passed; 0 failed; 0 ignored; 0 measured; 0 filtered out; finished in 0.00s

     Running unittests src/main.rs (/trial/canonical-target/release/deps/qomm_avalanche_vm-1b88787d78dcd844)
     Running tests/application_boundary.rs (/trial/canonical-target/release/deps/application_boundary-c9df05c1633a12f9)

running 0 tests

test result: ok. 0 passed; 0 failed; 0 ignored; 0 measured; 0 filtered out; finished in 0.00s


running 4 tests
test retired_embedded_application_state_and_rpc_names_are_rejected ... ok
test default_host_rejects_application_requests_and_stored_application_state ... ok
test application_error_or_failed_post_validation_rolls_back_every_change ... ok
test application_state_is_committed_roundtrips_and_cannot_replay ... ok

test result: ok. 4 passed; 0 failed; 0 ignored; 0 measured; 0 filtered out; finished in 0.00s

     Running tests/recovery.rs (/trial/canonical-target/release/deps/recovery-51310f64654c6149)

running 2 tests
test expired_archival_keys_need_a_fresh_quorum_and_preserve_replay_state ... ok
test recovery_cli_prepares_seals_and_restores_a_real_vm_snapshot_without_overwrite ... ok

test result: ok. 2 passed; 0 failed; 0 ignored; 0 measured; 0 filtered out; finished in 0.10s

   Compiling defmi-avalanche-vm v0.1.0 (/trial/src/defmi/rust/defmi-avalanche-vm)
    Finished `release` profile [optimized] target(s) in 23.25s
