    Checking typenum v1.20.1
    Checking cfg-if v1.0.4
    Checking subtle v2.6.1
    Checking zeroize v1.9.0
    Checking libc v0.2.189
    Checking cmov v0.5.4
    Checking num-traits v0.2.19
    Checking cpufeatures v0.2.17
    Checking zerocopy v0.8.56
    Checking rand_core v0.10.1
    Checking ctutils v0.4.2
    Checking serde_core v1.0.229
    Checking memchr v2.8.3
    Checking num-integer v0.1.47
    Checking generic-array v0.14.7
    Checking hybrid-array v0.4.15
    Checking num-bigint v0.4.8
    Checking getrandom v0.2.17
    Checking rand_core v0.6.4
    Checking crypto-common v0.1.7
    Checking block-buffer v0.10.4
    Checking inout v0.1.4
    Checking digest v0.10.7
    Checking keccak v0.2.2
    Checking arrayvec v0.7.8
    Checking either v1.18.0
    Checking sha2 v0.10.9
    Checking itertools v0.13.0
    Checking crypto-common v0.2.2
    Checking block-buffer v0.12.1
    Checking cipher v0.4.4
    Checking universal-hash v0.5.1
    Checking once_cell v1.21.4
    Checking serde v1.0.229
    Checking hashbrown v0.17.1
    Checking allocator-api2 v0.2.21
    Checking digest v0.11.3
    Checking opaque-debug v0.3.1
    Checking equivalent v1.0.2
    Checking toml_datetime v0.6.11
    Checking serde_spanned v0.6.9
    Checking polyval v0.6.2
    Checking hashbrown v0.15.5
    Checking curve25519-dalek v4.1.3
    Checking module-lattice v0.2.3
    Checking indexmap v2.14.2
    Checking zmij v1.0.23
    Checking aho-corasick v1.1.5
    Checking sponge-cursor v0.1.0
    Checking signature v2.2.0
    Checking itoa v1.0.18
    Checking winnow v0.7.15
    Checking regex-syntax v0.8.11
    Checking toml_write v0.1.2
    Checking serde_json v1.0.151
    Checking ppv-lite86 v0.2.21
    Checking ahash v0.8.12
    Checking ed25519 v2.2.3
    Checking rand_chacha v0.3.1
    Checking shake v0.1.0
    Checking ghash v0.5.1
    Checking sha3 v0.11.0
    Checking rand v0.8.5
    Checking signature v3.0.0
    Checking kem v0.3.0
    Checking ctr v0.9.2
    Checking aes v0.8.4
    Checking hmac v0.12.1
    Checking aead v0.5.2
    Checking hkdf v0.12.4
    Checking ml-kem v0.3.2
    Checking ml-dsa v0.1.1
    Checking ark-std v0.5.0
    Checking toml_edit v0.22.27
    Checking ark-serialize v0.5.0
    Checking aes-gcm v0.10.3
    Checking getrandom v0.4.3
    Checking ark-ff v0.5.0
    Checking ed25519-dalek v2.2.0
    Checking regex-automata v0.4.18
    Checking x25519-dalek v2.0.1
    Checking qomm-dsl v0.1.0 (/work/zkpi/rust/qomm-dsl)
    Checking zkfmi-measure v0.1.0 (/work/zkpi/rust/zkfmi-measure)
    Checking hex v0.4.3
    Checking qomm-mpc v0.1.0 (/work/zkpi/rust/qomm-mpc)
    Checking toml v0.8.23
    Checking regex v1.13.1
    Checking zkfmi-crypto v0.1.0 (/work/zkfmi-crypto)
    Checking ark-poly v0.5.0
    Checking ark-ec v0.5.0
    Checking ark-bn254 v0.5.0
    Checking zkfmi-cosnark-trial v0.1.0 (/work/zkfmi-crypto/research/cosnark-trial)
    Finished `release` profile [optimized] target(s) in 6.72s
   Compiling zkfmi-cosnark-trial v0.1.0 (/work/zkfmi-crypto/research/cosnark-trial)
    Finished `release` profile [optimized] target(s) in 6.28s
     Running unittests src/lib.rs (/work/target-native/release/deps/zkfmi_cosnark_trial-78e7c69a64547cd4)

running 7 tests
test integration::live_run::tests::pending_restart_requires_large_complete_upload_and_expected_root ... ok
test integration::live_run::tests::requires_five_equal_hex_roots_on_both_sides_of_restart ... ok
test integration::query_agreement::tests::any_non_own_row_or_query_equivocation_changes_the_signed_digest ... ok
test integration::query_agreement::tests::every_security_relevant_query_context_component_is_digest_bound ... ok
test integration::query_agreement::tests::seven_distinct_hybrid_approvals_are_mandatory ... ok
test integration::query_agreement::tests::roster_pin_and_owner_keys_fail_closed ... ok
test integration::query_agreement::tests::prepared_and_consumed_markers_reject_replay_and_restart ... ok

test result: ok. 7 passed; 0 failed; 0 ignored; 0 measured; 0 filtered out; finished in 0.04s

     Running unittests src/main.rs (/work/target-native/release/deps/zkfmi_cosnark_trial-b1209396df21d79f)

running 0 tests

test result: ok. 0 passed; 0 failed; 0 ignored; 0 measured; 0 filtered out; finished in 0.00s

     Running tests/arithmetic.rs (/work/target-native/release/deps/arithmetic-16697463e1623877)

running 3 tests
test actual_fft_recovers_coefficients_and_rejects_bad_size ... ok
test field_encoding_is_canonical ... ok
test literal_equations_fail_necessary_binding_not_the_fft_check ... ok

test result: ok. 3 passed; 0 failed; 0 ignored; 0 measured; 0 filtered out; finished in 0.00s

     Running tests/composition_arithmetic.rs (/work/target-native/release/deps/composition_arithmetic-8853c3f8fadcb8ba)

running 8 tests
test collapsed_matrix_relation_binds_constant_and_padding_masks ... ok
test equality_table_and_low_bit_restriction_are_dual ... ok
test merkle_opening_binds_index_domain_value_and_salt ... ok
test financial_relation_detects_inconsistent_notional ... ok
test transcript_binds_statement_and_message_boundaries ... ok
test separable_mask_boolean_sum_has_declared_scaling ... ok
test coset_fold_matches_coefficient_restriction_including_endpoints ... ok
test message_and_coefficient_linear_functionals_match ... ok

test result: ok. 8 passed; 0 failed; 0 ignored; 0 measured; 0 filtered out; finished in 0.03s

     Running tests/integration_arithmetic.rs (/work/target-native/release/deps/integration_arithmetic-eb76877a298a2510)

running 9 tests
test book_linear_claims_bind_the_same_balance_and_blind_coordinates ... ok
test full_u64_boundaries_and_atomic_conservation ... ok
test negative_balance_cannot_masquerade_as_u64_max ... ok
test no_fill_preserves_balances_even_with_high_bit_quantities ... ok
test non_boolean_bits_and_wrong_product_are_rejected ... ok
test product_overflow_is_not_accepted_as_modular_integer_arithmetic ... ok
test public_fill_flag_is_part_of_the_bound_circuit ... ok
test unsupported_modes_sequences_and_noncanonical_commitments_fail_closed ... ok
test legacy_and_query_agreement_protocols_are_explicit_and_not_interchangeable ... ok

test result: ok. 9 passed; 0 failed; 0 ignored; 0 measured; 0 filtered out; finished in 0.00s

    Finished `release` profile [optimized] target(s) in 0.05s
