[09-09|00:59:41.914] INFO node/node.go:158 initializing node {"version": "avalanchego/1.14.2", "commit": "6e5acf909c7a16b991142d6b3979bac5699bdb68", "nodeID": "NodeID-NFBbbJ4qCmNaCzeW7sxErhvWqvEQMnYcN", "stakingKeyType": "RSA", "nodePOP": {"publicKey":"0xb20ab07ea5cf8b77ab50f2071a6f1d2aab693c8bd89761430cd29de9fa0dbae83a32c7697d59ff1b06995b1596c16fa6","proofOfPossession":"0xa113145564d7ac540fade2526938fbd33233957901111328c86c4cbe7ed25f678173d95c54b3342fd7b723c3ed813f2b04fecf4a317205ce65638bb34bb58bb6746e74c63e6cbe5cb25c103b290ed270146b756d3901c8b0f99d083a44572c79"}, "providedFlags": {"api-admin-enabled":"true","bootstrap-ids":"NodeID-7Xhw2mDxuDS44j42TCB6U5579esbSt3Lg,NodeID-MFrZFVCXPv5iCn6M9K6XduxGTYp891xXZ","bootstrap-ips":"127.0.0.1:45497,127.0.0.1:42703","chain-config-dir":"/live/runtime/data/node3/chainConfigs","config-file":"/live/runtime/data/node3/configs/config.json","data-dir":"/live/runtime/data/node3","db-dir":"/live/runtime/data/node3/db","genesis-file":"/live/runtime/data/node3/configs/genesis.json","health-check-frequency":"2s","http-host":"","http-port":"38337","index-enabled":"true","log-dir":"/live/runtime/data/node3/logs","log-display-level":"INFO","log-level":"INFO","network-id":"1337","network-max-reconnect-delay":"1s","plugin-dir":"/live/runtime/plugins","public-ip":"127.0.0.1","staking-port":"41597","subnet-config-dir":"/live/runtime/data/node3/subnetConfigs"}, "config": {"httpConfig":{"readTimeout":30000000000,"readHeaderTimeout":30000000000,"writeHeaderTimeout":30000000000,"idleTimeout":120000000000,"apiConfig":{"indexerConfig":{"indexAPIEnabled":true,"indexAllowIncomplete":false},"adminAPIEnabled":true,"infoAPIEnabled":true,"metricsAPIEnabled":true,"healthAPIEnabled":true},"httpHost":"","httpPort":38337,"httpsEnabled":false,"httpAllowedOrigins":["*"],"httpAllowedHosts":["localhost"],"shutdownTimeout":10000000000,"shutdownWait":0},"ipConfig":{"publicIP":"127.0.0.1","publicIPResolutionService":"","publicIPResolutionFreq":300000000000,"listenHost":"","listenPort":41597},"stakingConfig":{"uptimeRequirement":0.8,"minValidatorStake":2000000000000,"maxValidatorStake":3000000000000000,"minDelegatorStake":25000000000,"minDelegationFee":20000,"minStakeDuration":86400000000000,"maxStakeDuration":31536000000000000,"rewardConfig":{"maxConsumptionRate":120000,"minConsumptionRate":100000,"mintingPeriod":31536000000000000,"supplyCap":720000000000000000},"sybilProtectionEnabled":true,"partialSyncPrimaryNetwork":false,"sybilProtectionDisabledWeight":100,"stakingTLSKeyPath":"/live/runtime/data/node3/staking/staker.key","stakingTLSCertPath":"/live/runtime/data/node3/staking/staker.crt","stakingSingerConfig":{"ephemeralSignerEnabled":false,"signerKeyContent":"","keyPath":"/live/runtime/data/node3/staking/signer.key","RPCEndpoint":"","keyPathIsSet":false}},"txFeeConfig":{"createAssetTxFee":1000000,"txFee":1000000,"dynamicFeeConfig":{"weights":[1,1000,1000,4],"maxCapacity":1000000,"maxPerSecond":100000,"targetPerSecond":50000,"minPrice":1,"excessConversionConstant":2164043},"validatorFeeConfig":{"capacity":20000,"target":10000,"minPrice":1,"excessConversionConstant":865617}},"stateSyncConfig":{"stateSyncIDs":null,"stateSyncIPs":null},"bootstrapConfig":{"bootstrapBeaconConnectionTimeout":60000000000,"bootstrapAncestorsMaxContainersSent":2000,"bootstrapAncestorsMaxContainersReceived":2000,"bootstrapMaxTimeGetAncestors":50000000,"bootstrappers":[{"id":"NodeID-7Xhw2mDxuDS44j42TCB6U5579esbSt3Lg","ip":"127.0.0.1:45497"},{"id":"NodeID-MFrZFVCXPv5iCn6M9K6XduxGTYp891xXZ","ip":"127.0.0.1:42703"}]},"databaseConfig":{"readOnly":false,"path":"/live/runtime/data/node3/db/network-1337","name":"leveldb"},"upgradeConfig":{"apricotPhase1Time":"2020-12-05T05:00:00Z","apricotPhase2Time":"2020-12-05T05:00:00Z","apricotPhase3Time":"2020-12-05T05:00:00Z","apricotPhase4Time":"2020-12-05T05:00:00Z","apricotPhase4MinPChainHeight":0,"apricotPhase5Time":"2020-12-05T05:00:00Z","apricotPhasePre6Time":"2020-12-05T05:00:00Z","apricotPhase6Time":"2020-12-05T05:00:00Z","apricotPhasePost6Time":"2020-12-05T05:00:00Z","banffTime":"2020-12-05T05:00:00Z","cortinaTime":"2020-12-05T05:00:00Z","cortinaXChainStopVertexID":"11111111111111111111111111111111LpoYY","durangoTime":"2020-12-05T05:00:00Z","etnaTime":"2020-12-05T05:00:00Z","fortunaTime":"2020-12-05T05:00:00Z","graniteTime":"2020-12-05T05:00:00Z","graniteEpochDuration":30000000000,"heliconTime":"9999-12-01T00:00:00Z"},"avaxAssetID":"28VTWcsTZ55draGkmjdcS9CFFv4zC3PbvVjkyoqxzNC7Y5msRP","networkID":1337,"healthCheckFreq":2000000000,"networkConfig":{"healthConfig":{"NoIngressValidatorConnectionGracePeriod":600000000000,"minConnectedPeers":1,"maxTimeSinceMsgReceived":60000000000,"maxTimeSinceMsgSent":60000000000,"maxPortionSendQueueBytesFull":0.9,"maxSendFailRate":0.9,"sendFailRateHalflife":10000000000},"peerListGossipConfig":{"peerListNumValidatorIPs":15,"peerListPullGossipFreq":2000000000,"peerListBloomResetFreq":60000000000},"timeoutConfigs":{"pingPongTimeout":30000000000,"readHandshakeTimeout":15000000000},"delayConfig":{"initialReconnectDelay":1000000000,"maxReconnectDelay":1000000000},"throttlerConfig":{"inboundConnUpgradeThrottlerConfig":{"upgradeCooldown":10000000000,"maxRecentConnsUpgraded":2560},"inboundMsgThrottlerConfig":{"byteThrottlerConfig":{"vdrAllocSize":33554432,"atLargeAllocSize":6291456,"nodeMaxAtLargeBytes":2097152},"bandwidthThrottlerConfig":{"bandwidthRefillRate":524288,"bandwidthMaxBurstRate":2097152},"cpuThrottlerConfig":{"maxRecheckDelay":5000000000},"diskThrottlerConfig":{"maxRecheckDelay":5000000000},"maxProcessingMsgsPerNode":1024},"outboundMsgThrottlerConfig":{"vdrAllocSize":33554432,"atLargeAllocSize":33554432,"nodeMaxAtLargeBytes":2097152},"maxInboundConnsPerSec":256},"proxyEnabled":false,"proxyReadHeaderTimeout":3000000000,"dialerConfig":{"throttleRps":50,"connectionTimeout":30000000000},"tlsKeyLogFile":"","myNodeID":"NodeID-111111111111111111116DBWJs","myIP":null,"networkID":0,"maxClockDifference":60000000000,"pingFrequency":22500000000,"allowPrivateIPs":true,"supportedACPs":[],"objectedACPs":[],"compressionType":"zstd","uptimeMetricFreq":30000000000,"requireValidatorToConnect":false,"maximumInboundMessageTimeout":10000000000,"peerReadBufferSize":8192,"peerWriteBufferSize":8192,"connectToAllValidators":false},"adaptiveTimeoutConfig":{"initialTimeout":5000000000,"minimumTimeout":2000000000,"maximumTimeout":10000000000,"timeoutCoefficient":2,"timeoutHalflife":300000000000},"benchlistConfig":{"halflife":60000000000,"unbenchProbability":0.2,"benchProbability":0.5,"benchDuration":300000000000,"maxPortion":0.08333333333333333},"profilerConfig":{"dir":"/live/runtime/data/node3/profiles","enabled":false,"freq":900000000000,"maxNumFiles":5},"loggingConfig":{"maxSize":8,"maxFiles":7,"maxAge":0,"directory":"/live/runtime/data/node3/logs","compress":false,"disableWriterDisplaying":false,"logLevel":"INFO","displayLevel":"INFO","logFormat":"plain"},"pluginDir":"/live/runtime/plugins","fdLimit":32768,"meterVMEnabled":true,"routerHealthConfig":{"maxDropRate":1,"maxDropRateHalflife":10000000000,"maxOutstandingRequests":1024,"maxOutstandingDuration":300000000000,"maxRunTimeRequests":10000000000},"consensusShutdownTimeout":60000000000,"consensusGossipFreq":100000000,"consensusAppConcurrency":2,"trackedSubnets":[],"proposerMinBlockDelay":1000000000,"subnetConfigs":{"11111111111111111111111111111111LpoYY":{"validatorOnly":false,"allowedNodes":[],"consensusParameters":null,"snowParameters":{"k":20,"alphaPreference":15,"alphaConfidence":15,"beta":20,"concurrentRepolls":4,"optimalProcessing":10,"maxOutstandingItems":256,"maxItemProcessingTime":30000000000},"simplexParameters":null,"proposerNumHistoricalBlocks":0}},"chainAliases":null,"vmAliases":null,"systemTrackerProcessingHalflife":15000000000,"systemTrackerFrequency":500000000,"systemTrackerCPUHalflife":15000000000,"systemTrackerDiskHalflife":60000000000,"cpuTargeterConfig":{"vdrAlloc":64,"maxNonVdrUsage":51.2,"maxNonVdrNodeUsage":8},"diskTargeterConfig":{"vdrAlloc":1073741824000,"maxNonVdrUsage":1073741824000,"maxNonVdrNodeUsage":1073741824000},"requiredAvailableDiskSpacePercentage":3,"warningAvailableDiskSpacePercentage":10,"traceConfig":{"exporterConfig":{"type":"disabled","endpoint":"","headers":{},"insecure":true},"traceSampleRate":0.1,"appName":"avalanchego","version":"avalanchego/1.14.2"},"useCurrentHeight":false,"chainDataDir":"/live/runtime/data/node3/chainData","processContextFilePath":"/live/runtime/data/node3/process.json"}}
[09-09|00:59:41.915] INFO node/node.go:931 initializing NAT
[09-09|00:59:41.915] INFO node/node.go:949 initializing API server
[09-09|00:59:41.915] WARN node/node.go:986 HTTP server is binding to a potentially public host. You may be vulnerable to a DoS attack if your HTTP port is publicly accessible {"host": ""}
[09-09|00:59:41.915] INFO server/server.go:133 API created {"allowedOrigins": ["*"]}
[09-09|00:59:41.915] INFO node/node.go:1300 initializing metrics API
[09-09|00:59:41.915] INFO server/server.go:245 adding route {"url": "/ext/metrics", "endpoint": ""}
[09-09|00:59:41.915] INFO leveldb/db.go:205 creating leveldb {"config": {"blockCacheCapacity":12582912,"blockSize":0,"compactionExpandLimitFactor":0,"compactionGPOverlapsFactor":0,"compactionL0Trigger":0,"compactionSourceLimitFactor":0,"compactionTableSize":0,"compactionTableSizeMultiplier":0,"compactionTableSizeMultiplierPerLevel":null,"compactionTotalSize":0,"compactionTotalSizeMultiplier":0,"disableSeeksCompaction":true,"openFilesCacheCapacity":1024,"writeBuffer":6291456,"filterBitsPerKey":10,"maxManifestFileSize":9223372036854775807,"metricUpdateFrequency":10000000000}}
[09-09|00:59:41.941] INFO node/node.go:829 initializing database {"genesisHash": "29ygDx4AFkfzQEAUwHNqTXYxB2Za8bnMY7Fc1wgFjtknzooqhk"}
[09-09|00:59:41.941] INFO node/node.go:1267 initializing SharedMemory
[09-09|00:59:41.942] WARN node/node.go:502 P2P IP is private, you will not be publicly discoverable {"ip": "127.0.0.1"}
[09-09|00:59:41.943] INFO node/node.go:517 initializing networking {"ip": "127.0.0.1:41597"}
[09-09|00:59:41.943] INFO node/node.go:1431 initializing Health API
[09-09|00:59:41.943] INFO health/worker.go:115 registered new check and initialized its state to failing {"name": "health", "name": "network", "tags": ["application"]}
[09-09|00:59:41.943] INFO health/worker.go:115 registered new check and initialized its state to failing {"name": "health", "name": "router", "tags": ["application"]}
[09-09|00:59:41.943] INFO health/worker.go:115 registered new check and initialized its state to failing {"name": "health", "name": "database", "tags": ["application"]}
[09-09|00:59:41.943] INFO health/worker.go:115 registered new check and initialized its state to failing {"name": "health", "name": "diskspace", "tags": ["application"]}
[09-09|00:59:41.943] INFO health/worker.go:115 registered new check and initialized its state to failing {"name": "health", "name": "bls", "tags": ["application"]}
[09-09|00:59:41.943] INFO health/worker.go:115 registered new check and initialized its state to failing {"name": "health", "name": "futureupgrade", "tags": ["application"]}
[09-09|00:59:41.943] INFO server/server.go:245 adding route {"url": "/ext/health", "endpoint": ""}
[09-09|00:59:41.943] INFO server/server.go:245 adding route {"url": "/ext/health", "endpoint": "/readiness"}
[09-09|00:59:41.943] INFO server/server.go:245 adding route {"url": "/ext/health", "endpoint": "/health"}
[09-09|00:59:41.943] INFO server/server.go:245 adding route {"url": "/ext/health", "endpoint": "/liveness"}
[09-09|00:59:41.943] INFO node/node.go:1041 adding the default VM aliases
[09-09|00:59:41.943] INFO node/node.go:1185 initializing VMs
[09-09|00:59:41.950] INFO node/node.go:1319 initializing admin API
[09-09|00:59:41.951] INFO server/server.go:245 adding route {"url": "/ext/admin", "endpoint": ""}
[09-09|00:59:41.951] INFO node/node.go:1373 initializing info API
[09-09|00:59:41.951] INFO server/server.go:245 adding route {"url": "/ext/info", "endpoint": ""}
[09-09|00:59:41.951] INFO node/node.go:1667 initializing chain aliases
[09-09|00:59:41.951] INFO node/node.go:1694 initializing API aliases
[09-09|00:59:41.951] INFO node/node.go:1346 skipping profiler initialization because it has been disabled
[09-09|00:59:41.951] INFO node/node.go:907 initializing chains
[09-09|00:59:41.951] INFO chains/manager.go:376 creating chain {"subnetID": "11111111111111111111111111111111LpoYY", "chainID": "11111111111111111111111111111111LpoYY", "vmID": "rWhpuQPF1kb72esV2momhMuTYGkEb1oL29pt2EBXWmSy4kxnT"}
[09-09|00:59:41.951] INFO health/worker.go:261 check started passing {"name": "health", "name": "router", "tags": ["application"]}
[09-09|00:59:41.951] INFO health/worker.go:261 check started passing {"name": "health", "name": "bls", "tags": ["application"]}
[09-09|00:59:41.951] INFO health/worker.go:261 check started passing {"name": "health", "name": "database", "tags": ["application"]}
[09-09|00:59:41.951] INFO health/worker.go:261 check started passing {"name": "health", "name": "diskspace", "tags": ["application"]}
[09-09|00:59:41.951] INFO chains/manager.go:1180 creating proposervm wrapper {"activationTime": "[12-05|05:00:00.000]", "minPChainHeight": 0, "minBlockDelay": "1s", "numHistoricalBlocks": 0}
[09-09|00:59:41.963] INFO health/worker.go:115 registered new check and initialized its state to failing {"name": "health", "name": "P", "tags": ["11111111111111111111111111111111LpoYY"]}
[09-09|00:59:41.963] INFO server/server.go:216 adding route {"url": "/ext/bc/11111111111111111111111111111111LpoYY", "endpoint": ""}
[09-09|00:59:41.963] INFO server/server.go:216 adding route {"url": "/ext/bc/11111111111111111111111111111111LpoYY", "endpoint": "/proposervm"}
[09-09|00:59:41.964] INFO indexer/index.go:92 created new index {"nextAcceptedIndex": 0}
[09-09|00:59:41.964] INFO server/server.go:245 adding route {"url": "/ext/index/P", "endpoint": "/block"}
[09-09|00:59:41.964] INFO health/worker.go:115 registered new check and initialized its state to failing {"name": "readiness", "name": "bootstrapped", "tags": ["application"]}
[09-09|00:59:41.964] INFO health/worker.go:115 registered new check and initialized its state to failing {"name": "health", "name": "bootstrapped", "tags": ["application"]}
[09-09|00:59:41.964] INFO chains/manager.go:1512 starting chain creator
[09-09|00:59:41.964] INFO node/node.go:647 writing process context {"path": "/live/runtime/data/node3/process.json"}
[09-09|00:59:41.970] INFO node/node.go:674 API server listening {"uri": "http://[::]:38337"}
[09-09|00:59:41.990] INFO chains/manager.go:376 creating chain {"subnetID": "11111111111111111111111111111111LpoYY", "chainID": "NeA134STyTVwife7gYeNQ6Hwi5GPGC2X7aUFvWsnusnpM2do6", "vmID": "mgj786NP7uDwBCcq6YwThhaN8FLyybkCa4zBWTQbNgmK6k9A6"}
[09-09|00:59:41.991] INFO chains/manager.go:1180 creating proposervm wrapper {"activationTime": "[12-05|05:00:00.000]", "minPChainHeight": 0, "minBlockDelay": "0s", "numHistoricalBlocks": 0}
[09-09|00:59:41.993] INFO health/worker.go:115 registered new check and initialized its state to failing {"name": "health", "name": "C", "tags": ["11111111111111111111111111111111LpoYY"]}
[09-09|00:59:41.994] INFO server/server.go:216 adding route {"url": "/ext/bc/NeA134STyTVwife7gYeNQ6Hwi5GPGC2X7aUFvWsnusnpM2do6", "endpoint": "/rpc"}
[09-09|00:59:41.994] INFO server/server.go:216 adding route {"url": "/ext/bc/NeA134STyTVwife7gYeNQ6Hwi5GPGC2X7aUFvWsnusnpM2do6", "endpoint": "/ws"}
[09-09|00:59:41.994] INFO server/server.go:216 adding route {"url": "/ext/bc/NeA134STyTVwife7gYeNQ6Hwi5GPGC2X7aUFvWsnusnpM2do6", "endpoint": "/avax"}
[09-09|00:59:41.994] INFO server/server.go:216 adding route {"url": "/ext/bc/NeA134STyTVwife7gYeNQ6Hwi5GPGC2X7aUFvWsnusnpM2do6", "endpoint": "/proposervm"}
[09-09|00:59:41.994] INFO indexer/index.go:92 created new index {"nextAcceptedIndex": 0}
[09-09|00:59:41.994] INFO server/server.go:245 adding route {"url": "/ext/index/C", "endpoint": "/block"}
[09-09|00:59:41.994] INFO chains/manager.go:376 creating chain {"subnetID": "11111111111111111111111111111111LpoYY", "chainID": "2NuxE6iXPyM9tknyHCVkTGQVM6Bj2rYMNW7tRd4aNiXXE3oPcB", "vmID": "jvYyfQTxGMJLuGWa55kdP2p2zSUYsQ5Raupu4TW34ZAUBAbtq"}
[09-09|00:59:41.995] INFO chains/manager.go:756 creating proposervm wrapper {"activationTime": "[12-05|05:00:00.000]", "minPChainHeight": 0, "minBlockDelay": "1s", "numHistoricalBlocks": 0}
[09-09|00:59:41.995] INFO health/worker.go:115 registered new check and initialized its state to failing {"name": "health", "name": "X", "tags": ["11111111111111111111111111111111LpoYY"]}
[09-09|00:59:41.995] INFO server/server.go:216 adding route {"url": "/ext/bc/2NuxE6iXPyM9tknyHCVkTGQVM6Bj2rYMNW7tRd4aNiXXE3oPcB", "endpoint": ""}
[09-09|00:59:41.995] INFO server/server.go:216 adding route {"url": "/ext/bc/2NuxE6iXPyM9tknyHCVkTGQVM6Bj2rYMNW7tRd4aNiXXE3oPcB", "endpoint": "/wallet"}
[09-09|00:59:41.995] INFO indexer/index.go:92 created new index {"nextAcceptedIndex": 0}
[09-09|00:59:41.996] INFO server/server.go:245 adding route {"url": "/ext/index/X", "endpoint": "/block"}
[09-09|00:59:41.996] INFO indexer/index.go:92 created new index {"nextAcceptedIndex": 0}
[09-09|00:59:41.996] INFO server/server.go:245 adding route {"url": "/ext/index/X", "endpoint": "/vtx"}
[09-09|00:59:41.996] INFO indexer/index.go:92 created new index {"nextAcceptedIndex": 0}
[09-09|00:59:41.996] INFO server/server.go:245 adding route {"url": "/ext/index/X", "endpoint": "/tx"}
[09-09|00:59:42.103] WARN health/health.go:110 failing check {"namespace": "health", "reason": {"C":{"error":"not yet run","timestamp":"0001-01-01T00:00:00Z","duration":0},"P":{"error":"not yet run","timestamp":"0001-01-01T00:00:00Z","duration":0},"X":{"error":"not yet run","timestamp":"0001-01-01T00:00:00Z","duration":0},"bls":{"message":"node is not a validator","timestamp":"2026-09-09T00:59:41.951725231Z","duration":2442},"bootstrapped":{"error":"not yet run","timestamp":"0001-01-01T00:00:00Z","duration":0},"database":{"timestamp":"2026-09-09T00:59:41.951741944Z","duration":15429},"diskspace":{"message":{"availableDiskBytes":1263727194112,"availableDiskPercentage":30},"timestamp":"2026-09-09T00:59:41.951745907Z","duration":9687},"futureupgrade":{"error":"no validators in the current validator set","timestamp":"2026-09-09T00:59:41.951748978Z","duration":4621,"contiguousFailures":1,"timeOfFirstFailure":"2026-09-09T00:59:41.951748978Z"},"network":{"message":{"connectedPeers":0,"sendFailRate":0},"error":"network layer is unhealthy reason: not connected to a minimum of 1 peer(s) only 0, no messages received from network, no messages sent to network","timestamp":"2026-09-09T00:59:41.951768178Z","duration":18165,"contiguousFailures":1,"timeOfFirstFailure":"2026-09-09T00:59:41.951768178Z"},"router":{"message":{"longestRunningRequest":"0s","outstandingRequests":0},"timestamp":"2026-09-09T00:59:41.951718528Z","duration":5091}}}
[09-09|00:59:43.951] INFO health/worker.go:261 check started passing {"name": "health", "name": "X", "tags": ["11111111111111111111111111111111LpoYY"]}
[09-09|00:59:43.951] INFO health/worker.go:261 check started passing {"name": "health", "name": "C", "tags": ["11111111111111111111111111111111LpoYY"]}
[09-09|00:59:43.951] INFO health/worker.go:261 check started passing {"name": "health", "name": "network", "tags": ["application"]}
[09-09|00:59:43.951] INFO health/worker.go:261 check started passing {"name": "health", "name": "futureupgrade", "tags": ["application"]}
[09-09|00:59:43.951] INFO health/worker.go:261 check started passing {"name": "health", "name": "P", "tags": ["11111111111111111111111111111111LpoYY"]}
[09-09|00:59:45.107] WARN health/health.go:110 failing check {"namespace": "health", "reason": {"C":{"message":{"engine":{"consensus":{},"vm":null},"networking":{"disconnectedValidators":[],"percentConnected":1}},"timestamp":"2026-09-09T00:59:43.951922418Z","duration":6382},"P":{"message":{"engine":{"consensus":{},"vm":null},"networking":{"disconnectedValidators":[],"percentConnected":1}},"timestamp":"2026-09-09T00:59:43.951981096Z","duration":21651},"X":{"message":{"engine":{"consensus":{},"vm":null},"networking":{"disconnectedValidators":[],"percentConnected":1}},"timestamp":"2026-09-09T00:59:43.951852092Z","duration":14847},"bls":{"message":"node has the correct BLS key","timestamp":"2026-09-09T00:59:43.951915122Z","duration":6080},"bootstrapped":{"message":["11111111111111111111111111111111LpoYY"],"error":"subnets not bootstrapped","timestamp":"2026-09-09T00:59:43.95195837Z","duration":1810,"contiguousFailures":1,"timeOfFirstFailure":"2026-09-09T00:59:43.95195837Z"},"database":{"timestamp":"2026-09-09T00:59:43.951951698Z","duration":5609},"diskspace":{"message":{"availableDiskBytes":1263726845952,"availableDiskPercentage":30},"timestamp":"2026-09-09T00:59:43.951955932Z","duration":3303},"futureupgrade":{"message":{"localUpgradeTime":"2020-12-05T05:00:00Z","modeUpgradeTime":"2020-12-05T05:00:00Z","modeUpgradeWeightPercentage":80,"numUpgradeTimes":1},"timestamp":"2026-09-09T00:59:43.951978002Z","duration":17559},"network":{"message":{"connectedPeers":4,"sendFailRate":0,"timeSinceLastMsgReceived":"951.933988ms","timeSinceLastMsgSent":"951.933988ms"},"timestamp":"2026-09-09T00:59:43.951935581Z","duration":5044},"router":{"message":{"longestRunningRequest":"1.77135545s","outstandingRequests":4},"timestamp":"2026-09-09T00:59:43.951908127Z","duration":3946}}}
[09-09|00:59:48.108] WARN health/health.go:110 failing check {"namespace": "health", "reason": {"C":{"message":{"engine":{"consensus":{},"vm":null},"networking":{"disconnectedValidators":[],"percentConnected":1}},"timestamp":"2026-09-09T00:59:47.952149076Z","duration":15507},"P":{"message":{"engine":{"consensus":{},"vm":null},"networking":{"disconnectedValidators":[],"percentConnected":1}},"timestamp":"2026-09-09T00:59:47.952208519Z","duration":7040},"X":{"message":{"engine":{"consensus":{},"vm":null},"networking":{"disconnectedValidators":[],"percentConnected":1}},"timestamp":"2026-09-09T00:59:47.952228245Z","duration":16590},"bls":{"message":"node has the correct BLS key","timestamp":"2026-09-09T00:59:47.952237914Z","duration":5051},"bootstrapped":{"message":["11111111111111111111111111111111LpoYY"],"error":"subnets not bootstrapped","timestamp":"2026-09-09T00:59:47.952211355Z","duration":2227,"contiguousFailures":3,"timeOfFirstFailure":"2026-09-09T00:59:43.95195837Z"},"database":{"timestamp":"2026-09-09T00:59:47.952172219Z","duration":6817},"diskspace":{"message":{"availableDiskBytes":1263726739456,"availableDiskPercentage":30},"timestamp":"2026-09-09T00:59:47.952177001Z","duration":4325},"futureupgrade":{"message":{"localUpgradeTime":"2020-12-05T05:00:00Z","modeUpgradeTime":"2020-12-05T05:00:00Z","modeUpgradeWeightPercentage":80,"numUpgradeTimes":1},"timestamp":"2026-09-09T00:59:47.952200903Z","duration":23546},"network":{"message":{"connectedPeers":4,"sendFailRate":0,"timeSinceLastMsgReceived":"952.162731ms","timeSinceLastMsgSent":"952.162731ms"},"timestamp":"2026-09-09T00:59:47.952164838Z","duration":5478},"router":{"message":{"longestRunningRequest":"1.767853018s","outstandingRequests":1},"timestamp":"2026-09-09T00:59:47.952232336Z","duration":3708}}}
[09-09|00:59:49.952] INFO health/worker.go:261 check started passing {"name": "readiness", "name": "bootstrapped", "tags": ["application"]}
[09-09|00:59:49.952] INFO health/worker.go:261 check started passing {"name": "health", "name": "bootstrapped", "tags": ["application"]}
[09-09|00:59:59.391] INFO node/node.go:1828 shutting down node {"exitCode": 0}
[09-09|00:59:59.391] INFO health/worker.go:115 registered new check and initialized its state to failing {"name": "health", "name": "shuttingDown", "tags": ["application"]}
[09-09|00:59:59.391] INFO chains/manager.go:1543 shutting down chain manager
[09-09|00:59:59.391] INFO router/chain_router.go:421 shutting down chain router
[09-09|00:59:59.392] INFO network/network.go:1142 shutting down the p2p networking
[09-09|00:59:59.392] INFO nat/nat.go:193 Unmapped all ports
[09-09|00:59:59.392] INFO node/node.go:1885 cleaning up plugin runtimes
[09-09|00:59:59.392] INFO node/node.go:1913 finished node shutdown
[09-09|00:59:59.730] INFO node/node.go:158 initializing node {"version": "avalanchego/1.14.2", "commit": "6e5acf909c7a16b991142d6b3979bac5699bdb68", "nodeID": "NodeID-NFBbbJ4qCmNaCzeW7sxErhvWqvEQMnYcN", "stakingKeyType": "RSA", "nodePOP": {"publicKey":"0xb20ab07ea5cf8b77ab50f2071a6f1d2aab693c8bd89761430cd29de9fa0dbae83a32c7697d59ff1b06995b1596c16fa6","proofOfPossession":"0xa113145564d7ac540fade2526938fbd33233957901111328c86c4cbe7ed25f678173d95c54b3342fd7b723c3ed813f2b04fecf4a317205ce65638bb34bb58bb6746e74c63e6cbe5cb25c103b290ed270146b756d3901c8b0f99d083a44572c79"}, "providedFlags": {"api-admin-enabled":"true","bootstrap-ids":"NodeID-P7oB2McjBGgW2NXXWVYjV8JEDFoW9xDE5,NodeID-7Xhw2mDxuDS44j42TCB6U5579esbSt3Lg,NodeID-MFrZFVCXPv5iCn6M9K6XduxGTYp891xXZ,NodeID-GWPcbFJZFfZreETSoWjPimr846mXEKCtu","bootstrap-ips":"127.0.0.1:40103,127.0.0.1:45497,127.0.0.1:42703,127.0.0.1:36029","chain-config-dir":"/live/runtime/data/node3/chainConfigs","config-file":"/live/runtime/data/node3/configs/config.json","data-dir":"/live/runtime/data/node3","db-dir":"/live/runtime/data/node3/db","genesis-file":"/live/runtime/data/node3/configs/genesis.json","health-check-frequency":"2s","http-host":"","http-port":"38337","index-enabled":"true","log-dir":"/live/runtime/data/node3/logs","log-display-level":"INFO","log-level":"INFO","network-id":"1337","network-max-reconnect-delay":"1s","plugin-dir":"/live/runtime/plugins","public-ip":"127.0.0.1","staking-port":"41597","subnet-config-dir":"/live/runtime/data/node3/subnetConfigs","track-subnets":"99qx6GvmNDqvtLVdVkzBJs2qrjVJ94gZKmauAUWJGJDMdHA41"}, "config": {"httpConfig":{"readTimeout":30000000000,"readHeaderTimeout":30000000000,"writeHeaderTimeout":30000000000,"idleTimeout":120000000000,"apiConfig":{"indexerConfig":{"indexAPIEnabled":true,"indexAllowIncomplete":false},"adminAPIEnabled":true,"infoAPIEnabled":true,"metricsAPIEnabled":true,"healthAPIEnabled":true},"httpHost":"","httpPort":38337,"httpsEnabled":false,"httpAllowedOrigins":["*"],"httpAllowedHosts":["localhost"],"shutdownTimeout":10000000000,"shutdownWait":0},"ipConfig":{"publicIP":"127.0.0.1","publicIPResolutionService":"","publicIPResolutionFreq":300000000000,"listenHost":"","listenPort":41597},"stakingConfig":{"uptimeRequirement":0.8,"minValidatorStake":2000000000000,"maxValidatorStake":3000000000000000,"minDelegatorStake":25000000000,"minDelegationFee":20000,"minStakeDuration":86400000000000,"maxStakeDuration":31536000000000000,"rewardConfig":{"maxConsumptionRate":120000,"minConsumptionRate":100000,"mintingPeriod":31536000000000000,"supplyCap":720000000000000000},"sybilProtectionEnabled":true,"partialSyncPrimaryNetwork":false,"sybilProtectionDisabledWeight":100,"stakingTLSKeyPath":"/live/runtime/data/node3/staking/staker.key","stakingTLSCertPath":"/live/runtime/data/node3/staking/staker.crt","stakingSingerConfig":{"ephemeralSignerEnabled":false,"signerKeyContent":"","keyPath":"/live/runtime/data/node3/staking/signer.key","RPCEndpoint":"","keyPathIsSet":false}},"txFeeConfig":{"createAssetTxFee":1000000,"txFee":1000000,"dynamicFeeConfig":{"weights":[1,1000,1000,4],"maxCapacity":1000000,"maxPerSecond":100000,"targetPerSecond":50000,"minPrice":1,"excessConversionConstant":2164043},"validatorFeeConfig":{"capacity":20000,"target":10000,"minPrice":1,"excessConversionConstant":865617}},"stateSyncConfig":{"stateSyncIDs":null,"stateSyncIPs":null},"bootstrapConfig":{"bootstrapBeaconConnectionTimeout":60000000000,"bootstrapAncestorsMaxContainersSent":2000,"bootstrapAncestorsMaxContainersReceived":2000,"bootstrapMaxTimeGetAncestors":50000000,"bootstrappers":[{"id":"NodeID-P7oB2McjBGgW2NXXWVYjV8JEDFoW9xDE5","ip":"127.0.0.1:40103"},{"id":"NodeID-7Xhw2mDxuDS44j42TCB6U5579esbSt3Lg","ip":"127.0.0.1:45497"},{"id":"NodeID-MFrZFVCXPv5iCn6M9K6XduxGTYp891xXZ","ip":"127.0.0.1:42703"},{"id":"NodeID-GWPcbFJZFfZreETSoWjPimr846mXEKCtu","ip":"127.0.0.1:36029"}]},"databaseConfig":{"readOnly":false,"path":"/live/runtime/data/node3/db/network-1337","name":"leveldb"},"upgradeConfig":{"apricotPhase1Time":"2020-12-05T05:00:00Z","apricotPhase2Time":"2020-12-05T05:00:00Z","apricotPhase3Time":"2020-12-05T05:00:00Z","apricotPhase4Time":"2020-12-05T05:00:00Z","apricotPhase4MinPChainHeight":0,"apricotPhase5Time":"2020-12-05T05:00:00Z","apricotPhasePre6Time":"2020-12-05T05:00:00Z","apricotPhase6Time":"2020-12-05T05:00:00Z","apricotPhasePost6Time":"2020-12-05T05:00:00Z","banffTime":"2020-12-05T05:00:00Z","cortinaTime":"2020-12-05T05:00:00Z","cortinaXChainStopVertexID":"11111111111111111111111111111111LpoYY","durangoTime":"2020-12-05T05:00:00Z","etnaTime":"2020-12-05T05:00:00Z","fortunaTime":"2020-12-05T05:00:00Z","graniteTime":"2020-12-05T05:00:00Z","graniteEpochDuration":30000000000,"heliconTime":"9999-12-01T00:00:00Z"},"avaxAssetID":"28VTWcsTZ55draGkmjdcS9CFFv4zC3PbvVjkyoqxzNC7Y5msRP","networkID":1337,"healthCheckFreq":2000000000,"networkConfig":{"healthConfig":{"NoIngressValidatorConnectionGracePeriod":600000000000,"minConnectedPeers":1,"maxTimeSinceMsgReceived":60000000000,"maxTimeSinceMsgSent":60000000000,"maxPortionSendQueueBytesFull":0.9,"maxSendFailRate":0.9,"sendFailRateHalflife":10000000000},"peerListGossipConfig":{"peerListNumValidatorIPs":15,"peerListPullGossipFreq":2000000000,"peerListBloomResetFreq":60000000000},"timeoutConfigs":{"pingPongTimeout":30000000000,"readHandshakeTimeout":15000000000},"delayConfig":{"initialReconnectDelay":1000000000,"maxReconnectDelay":1000000000},"throttlerConfig":{"inboundConnUpgradeThrottlerConfig":{"upgradeCooldown":10000000000,"maxRecentConnsUpgraded":2560},"inboundMsgThrottlerConfig":{"byteThrottlerConfig":{"vdrAllocSize":33554432,"atLargeAllocSize":6291456,"nodeMaxAtLargeBytes":2097152},"bandwidthThrottlerConfig":{"bandwidthRefillRate":524288,"bandwidthMaxBurstRate":2097152},"cpuThrottlerConfig":{"maxRecheckDelay":5000000000},"diskThrottlerConfig":{"maxRecheckDelay":5000000000},"maxProcessingMsgsPerNode":1024},"outboundMsgThrottlerConfig":{"vdrAllocSize":33554432,"atLargeAllocSize":33554432,"nodeMaxAtLargeBytes":2097152},"maxInboundConnsPerSec":256},"proxyEnabled":false,"proxyReadHeaderTimeout":3000000000,"dialerConfig":{"throttleRps":50,"connectionTimeout":30000000000},"tlsKeyLogFile":"","myNodeID":"NodeID-111111111111111111116DBWJs","myIP":null,"networkID":0,"maxClockDifference":60000000000,"pingFrequency":22500000000,"allowPrivateIPs":true,"supportedACPs":[],"objectedACPs":[],"compressionType":"zstd","uptimeMetricFreq":30000000000,"requireValidatorToConnect":false,"maximumInboundMessageTimeout":10000000000,"peerReadBufferSize":8192,"peerWriteBufferSize":8192,"connectToAllValidators":false},"adaptiveTimeoutConfig":{"initialTimeout":5000000000,"minimumTimeout":2000000000,"maximumTimeout":10000000000,"timeoutCoefficient":2,"timeoutHalflife":300000000000},"benchlistConfig":{"halflife":60000000000,"unbenchProbability":0.2,"benchProbability":0.5,"benchDuration":300000000000,"maxPortion":0.08333333333333333},"profilerConfig":{"dir":"/live/runtime/data/node3/profiles","enabled":false,"freq":900000000000,"maxNumFiles":5},"loggingConfig":{"maxSize":8,"maxFiles":7,"maxAge":0,"directory":"/live/runtime/data/node3/logs","compress":false,"disableWriterDisplaying":false,"logLevel":"INFO","displayLevel":"INFO","logFormat":"plain"},"pluginDir":"/live/runtime/plugins","fdLimit":32768,"meterVMEnabled":true,"routerHealthConfig":{"maxDropRate":1,"maxDropRateHalflife":10000000000,"maxOutstandingRequests":1024,"maxOutstandingDuration":300000000000,"maxRunTimeRequests":10000000000},"consensusShutdownTimeout":60000000000,"consensusGossipFreq":100000000,"consensusAppConcurrency":2,"trackedSubnets":["99qx6GvmNDqvtLVdVkzBJs2qrjVJ94gZKmauAUWJGJDMdHA41"],"proposerMinBlockDelay":1000000000,"subnetConfigs":{"11111111111111111111111111111111LpoYY":{"validatorOnly":false,"allowedNodes":[],"consensusParameters":null,"snowParameters":{"k":20,"alphaPreference":15,"alphaConfidence":15,"beta":20,"concurrentRepolls":4,"optimalProcessing":10,"maxOutstandingItems":256,"maxItemProcessingTime":30000000000},"simplexParameters":null,"proposerNumHistoricalBlocks":0},"99qx6GvmNDqvtLVdVkzBJs2qrjVJ94gZKmauAUWJGJDMdHA41":{"validatorOnly":false,"allowedNodes":[],"consensusParameters":null,"snowParameters":{"k":20,"alphaPreference":15,"alphaConfidence":15,"beta":20,"concurrentRepolls":4,"optimalProcessing":10,"maxOutstandingItems":256,"maxItemProcessingTime":30000000000},"simplexParameters":null,"proposerNumHistoricalBlocks":0}},"chainAliases":null,"vmAliases":null,"systemTrackerProcessingHalflife":15000000000,"systemTrackerFrequency":500000000,"systemTrackerCPUHalflife":15000000000,"systemTrackerDiskHalflife":60000000000,"cpuTargeterConfig":{"vdrAlloc":64,"maxNonVdrUsage":51.2,"maxNonVdrNodeUsage":8},"diskTargeterConfig":{"vdrAlloc":1073741824000,"maxNonVdrUsage":1073741824000,"maxNonVdrNodeUsage":1073741824000},"requiredAvailableDiskSpacePercentage":3,"warningAvailableDiskSpacePercentage":10,"traceConfig":{"exporterConfig":{"type":"disabled","endpoint":"","headers":{},"insecure":true},"traceSampleRate":0.1,"appName":"avalanchego","version":"avalanchego/1.14.2"},"useCurrentHeight":false,"chainDataDir":"/live/runtime/data/node3/chainData","processContextFilePath":"/live/runtime/data/node3/process.json"}}
[09-09|00:59:59.730] INFO node/node.go:931 initializing NAT
[09-09|00:59:59.730] INFO node/node.go:949 initializing API server
[09-09|00:59:59.730] WARN node/node.go:986 HTTP server is binding to a potentially public host. You may be vulnerable to a DoS attack if your HTTP port is publicly accessible {"host": ""}
[09-09|00:59:59.730] INFO server/server.go:133 API created {"allowedOrigins": ["*"]}
[09-09|00:59:59.730] INFO node/node.go:1300 initializing metrics API
[09-09|00:59:59.730] INFO server/server.go:245 adding route {"url": "/ext/metrics", "endpoint": ""}
[09-09|00:59:59.730] INFO leveldb/db.go:205 creating leveldb {"config": {"blockCacheCapacity":12582912,"blockSize":0,"compactionExpandLimitFactor":0,"compactionGPOverlapsFactor":0,"compactionL0Trigger":0,"compactionSourceLimitFactor":0,"compactionTableSize":0,"compactionTableSizeMultiplier":0,"compactionTableSizeMultiplierPerLevel":null,"compactionTotalSize":0,"compactionTotalSizeMultiplier":0,"disableSeeksCompaction":true,"openFilesCacheCapacity":1024,"writeBuffer":6291456,"filterBitsPerKey":10,"maxManifestFileSize":9223372036854775807,"metricUpdateFrequency":10000000000}}
[09-09|00:59:59.760] INFO node/node.go:829 initializing database {"genesisHash": "29ygDx4AFkfzQEAUwHNqTXYxB2Za8bnMY7Fc1wgFjtknzooqhk"}
[09-09|00:59:59.760] INFO node/node.go:1267 initializing SharedMemory
[09-09|00:59:59.762] WARN node/node.go:502 P2P IP is private, you will not be publicly discoverable {"ip": "127.0.0.1"}
[09-09|00:59:59.762] INFO node/node.go:517 initializing networking {"ip": "127.0.0.1:41597"}
[09-09|00:59:59.762] INFO node/node.go:1431 initializing Health API
[09-09|00:59:59.762] INFO health/worker.go:115 registered new check and initialized its state to failing {"name": "health", "name": "network", "tags": ["application"]}
[09-09|00:59:59.762] INFO health/worker.go:115 registered new check and initialized its state to failing {"name": "health", "name": "router", "tags": ["application"]}
[09-09|00:59:59.762] INFO health/worker.go:115 registered new check and initialized its state to failing {"name": "health", "name": "database", "tags": ["application"]}
[09-09|00:59:59.762] INFO health/worker.go:115 registered new check and initialized its state to failing {"name": "health", "name": "diskspace", "tags": ["application"]}
[09-09|00:59:59.762] INFO health/worker.go:115 registered new check and initialized its state to failing {"name": "health", "name": "bls", "tags": ["application"]}
[09-09|00:59:59.762] INFO health/worker.go:115 registered new check and initialized its state to failing {"name": "health", "name": "futureupgrade", "tags": ["application"]}
[09-09|00:59:59.762] INFO server/server.go:245 adding route {"url": "/ext/health", "endpoint": ""}
[09-09|00:59:59.762] INFO server/server.go:245 adding route {"url": "/ext/health", "endpoint": "/readiness"}
[09-09|00:59:59.762] INFO server/server.go:245 adding route {"url": "/ext/health", "endpoint": "/health"}
[09-09|00:59:59.762] INFO server/server.go:245 adding route {"url": "/ext/health", "endpoint": "/liveness"}
[09-09|00:59:59.762] INFO node/node.go:1041 adding the default VM aliases
[09-09|00:59:59.763] INFO node/node.go:1185 initializing VMs
[09-09|00:59:59.769] INFO node/node.go:1319 initializing admin API
[09-09|00:59:59.769] INFO server/server.go:245 adding route {"url": "/ext/admin", "endpoint": ""}
[09-09|00:59:59.769] INFO node/node.go:1373 initializing info API
[09-09|00:59:59.769] INFO server/server.go:245 adding route {"url": "/ext/info", "endpoint": ""}
[09-09|00:59:59.769] INFO node/node.go:1667 initializing chain aliases
[09-09|00:59:59.769] INFO node/node.go:1694 initializing API aliases
[09-09|00:59:59.769] INFO node/node.go:1346 skipping profiler initialization because it has been disabled
[09-09|00:59:59.769] INFO node/node.go:907 initializing chains
[09-09|00:59:59.770] INFO chains/manager.go:376 creating chain {"subnetID": "11111111111111111111111111111111LpoYY", "chainID": "11111111111111111111111111111111LpoYY", "vmID": "rWhpuQPF1kb72esV2momhMuTYGkEb1oL29pt2EBXWmSy4kxnT"}
[09-09|00:59:59.770] INFO health/worker.go:261 check started passing {"name": "health", "name": "diskspace", "tags": ["application"]}
[09-09|00:59:59.770] INFO health/worker.go:261 check started passing {"name": "health", "name": "database", "tags": ["application"]}
[09-09|00:59:59.770] INFO health/worker.go:261 check started passing {"name": "health", "name": "bls", "tags": ["application"]}
[09-09|00:59:59.770] INFO health/worker.go:261 check started passing {"name": "health", "name": "router", "tags": ["application"]}
[09-09|00:59:59.770] INFO chains/manager.go:1180 creating proposervm wrapper {"activationTime": "[12-05|05:00:00.000]", "minPChainHeight": 0, "minBlockDelay": "1s", "numHistoricalBlocks": 0}
[09-09|00:59:59.776] INFO health/worker.go:115 registered new check and initialized its state to failing {"name": "health", "name": "P", "tags": ["11111111111111111111111111111111LpoYY"]}
[09-09|00:59:59.776] INFO server/server.go:216 adding route {"url": "/ext/bc/11111111111111111111111111111111LpoYY", "endpoint": ""}
[09-09|00:59:59.776] INFO server/server.go:216 adding route {"url": "/ext/bc/11111111111111111111111111111111LpoYY", "endpoint": "/proposervm"}
[09-09|00:59:59.776] INFO indexer/index.go:92 created new index {"nextAcceptedIndex": 6}
[09-09|00:59:59.776] INFO server/server.go:245 adding route {"url": "/ext/index/P", "endpoint": "/block"}
[09-09|00:59:59.776] INFO health/worker.go:115 registered new check and initialized its state to failing {"name": "readiness", "name": "bootstrapped", "tags": ["application"]}
[09-09|00:59:59.776] INFO health/worker.go:115 registered new check and initialized its state to failing {"name": "health", "name": "bootstrapped", "tags": ["application"]}
[09-09|00:59:59.776] INFO chains/manager.go:1512 starting chain creator
[09-09|00:59:59.776] INFO node/node.go:647 writing process context {"path": "/live/runtime/data/node3/process.json"}
[09-09|00:59:59.782] INFO node/node.go:674 API server listening {"uri": "http://[::]:38337"}
[09-09|00:59:59.900] WARN health/health.go:110 failing check {"namespace": "health", "reason": {"P":{"error":"not yet run","timestamp":"0001-01-01T00:00:00Z","duration":0},"bls":{"message":"node is not a validator","timestamp":"2026-09-09T00:59:59.770035561Z","duration":1851},"bootstrapped":{"error":"not yet run","timestamp":"0001-01-01T00:00:00Z","duration":0},"database":{"timestamp":"2026-09-09T00:59:59.770027255Z","duration":11112},"diskspace":{"message":{"availableDiskBytes":1263726374912,"availableDiskPercentage":30},"timestamp":"2026-09-09T00:59:59.770024402Z","duration":4983},"futureupgrade":{"error":"no validators in the current validator set","timestamp":"2026-09-09T00:59:59.770017918Z","duration":6506,"contiguousFailures":1,"timeOfFirstFailure":"2026-09-09T00:59:59.770017918Z"},"network":{"message":{"connectedPeers":0,"sendFailRate":0},"error":"network layer is unhealthy reason: not connected to a minimum of 1 peer(s) only 0, no messages received from network, no messages sent to network","timestamp":"2026-09-09T00:59:59.770040943Z","duration":13084,"contiguousFailures":1,"timeOfFirstFailure":"2026-09-09T00:59:59.770040943Z"},"router":{"message":{"longestRunningRequest":"0s","outstandingRequests":0},"timestamp":"2026-09-09T00:59:59.770046239Z","duration":4377}}}
[09-09|01:00:01.770] INFO health/worker.go:261 check started passing {"name": "health", "name": "futureupgrade", "tags": ["application"]}
[09-09|01:00:01.770] INFO health/worker.go:261 check started passing {"name": "health", "name": "P", "tags": ["11111111111111111111111111111111LpoYY"]}
[09-09|01:00:01.770] INFO health/worker.go:261 check started passing {"name": "health", "name": "network", "tags": ["application"]}
[09-09|01:00:02.901] WARN health/health.go:110 failing check {"namespace": "health", "reason": {"P":{"message":{"engine":{"consensus":{},"vm":null},"networking":{"disconnectedValidators":[],"percentConnected":1}},"timestamp":"2026-09-09T01:00:01.770510836Z","duration":17478},"bls":{"message":"node has the correct BLS key","timestamp":"2026-09-09T01:00:01.770432257Z","duration":5711},"bootstrapped":{"message":["11111111111111111111111111111111LpoYY"],"error":"subnets not bootstrapped","timestamp":"2026-09-09T01:00:01.770531234Z","duration":2636,"contiguousFailures":1,"timeOfFirstFailure":"2026-09-09T01:00:01.770531234Z"},"database":{"timestamp":"2026-09-09T01:00:01.770408352Z","duration":10514},"diskspace":{"message":{"availableDiskBytes":1263726268416,"availableDiskPercentage":30},"timestamp":"2026-09-09T01:00:01.770425943Z","duration":4442},"futureupgrade":{"message":{"localUpgradeTime":"2020-12-05T05:00:00Z","modeUpgradeTime":"2020-12-05T05:00:00Z","modeUpgradeWeightPercentage":80,"numUpgradeTimes":1},"timestamp":"2026-09-09T01:00:01.770458615Z","duration":26111},"network":{"message":{"connectedPeers":4,"sendFailRate":0,"timeSinceLastMsgReceived":"770.529326ms","timeSinceLastMsgSent":"1.770529326s"},"timestamp":"2026-09-09T01:00:01.770531848Z","duration":11775},"router":{"message":{"longestRunningRequest":"1.809180179s","outstandingRequests":1},"timestamp":"2026-09-09T01:00:01.770526966Z","duration":3509}}}
[09-09|01:00:04.962] INFO chains/manager.go:376 creating chain {"subnetID": "11111111111111111111111111111111LpoYY", "chainID": "NeA134STyTVwife7gYeNQ6Hwi5GPGC2X7aUFvWsnusnpM2do6", "vmID": "mgj786NP7uDwBCcq6YwThhaN8FLyybkCa4zBWTQbNgmK6k9A6"}
[09-09|01:00:04.962] INFO chains/manager.go:1180 creating proposervm wrapper {"activationTime": "[12-05|05:00:00.000]", "minPChainHeight": 0, "minBlockDelay": "0s", "numHistoricalBlocks": 0}
[09-09|01:00:04.966] INFO health/worker.go:115 registered new check and initialized its state to failing {"name": "health", "name": "C", "tags": ["11111111111111111111111111111111LpoYY"]}
[09-09|01:00:04.966] INFO server/server.go:216 adding route {"url": "/ext/bc/NeA134STyTVwife7gYeNQ6Hwi5GPGC2X7aUFvWsnusnpM2do6", "endpoint": "/rpc"}
[09-09|01:00:04.966] INFO server/server.go:216 adding route {"url": "/ext/bc/NeA134STyTVwife7gYeNQ6Hwi5GPGC2X7aUFvWsnusnpM2do6", "endpoint": "/ws"}
[09-09|01:00:04.966] INFO server/server.go:216 adding route {"url": "/ext/bc/NeA134STyTVwife7gYeNQ6Hwi5GPGC2X7aUFvWsnusnpM2do6", "endpoint": "/avax"}
[09-09|01:00:04.966] INFO server/server.go:216 adding route {"url": "/ext/bc/NeA134STyTVwife7gYeNQ6Hwi5GPGC2X7aUFvWsnusnpM2do6", "endpoint": "/proposervm"}
[09-09|01:00:04.967] INFO indexer/index.go:92 created new index {"nextAcceptedIndex": 0}
[09-09|01:00:04.967] INFO server/server.go:245 adding route {"url": "/ext/index/C", "endpoint": "/block"}
[09-09|01:00:04.967] INFO chains/manager.go:376 creating chain {"subnetID": "11111111111111111111111111111111LpoYY", "chainID": "2NuxE6iXPyM9tknyHCVkTGQVM6Bj2rYMNW7tRd4aNiXXE3oPcB", "vmID": "jvYyfQTxGMJLuGWa55kdP2p2zSUYsQ5Raupu4TW34ZAUBAbtq"}
[09-09|01:00:04.967] INFO chains/manager.go:756 creating proposervm wrapper {"activationTime": "[12-05|05:00:00.000]", "minPChainHeight": 0, "minBlockDelay": "1s", "numHistoricalBlocks": 0}
[09-09|01:00:04.968] INFO health/worker.go:115 registered new check and initialized its state to failing {"name": "health", "name": "X", "tags": ["11111111111111111111111111111111LpoYY"]}
[09-09|01:00:04.968] INFO server/server.go:216 adding route {"url": "/ext/bc/2NuxE6iXPyM9tknyHCVkTGQVM6Bj2rYMNW7tRd4aNiXXE3oPcB", "endpoint": ""}
[09-09|01:00:04.968] INFO server/server.go:216 adding route {"url": "/ext/bc/2NuxE6iXPyM9tknyHCVkTGQVM6Bj2rYMNW7tRd4aNiXXE3oPcB", "endpoint": "/wallet"}
[09-09|01:00:04.968] INFO indexer/index.go:92 created new index {"nextAcceptedIndex": 0}
[09-09|01:00:04.968] INFO server/server.go:245 adding route {"url": "/ext/index/X", "endpoint": "/block"}
[09-09|01:00:04.968] INFO indexer/index.go:92 created new index {"nextAcceptedIndex": 0}
[09-09|01:00:04.968] INFO server/server.go:245 adding route {"url": "/ext/index/X", "endpoint": "/vtx"}
[09-09|01:00:04.968] INFO indexer/index.go:92 created new index {"nextAcceptedIndex": 0}
[09-09|01:00:04.968] INFO server/server.go:245 adding route {"url": "/ext/index/X", "endpoint": "/tx"}
[09-09|01:00:05.770] INFO health/worker.go:261 check started passing {"name": "readiness", "name": "bootstrapped", "tags": ["application"]}
[09-09|01:00:05.770] INFO health/worker.go:261 check started passing {"name": "health", "name": "bootstrapped", "tags": ["application"]}
[09-09|01:00:05.770] INFO health/worker.go:261 check started passing {"name": "health", "name": "X", "tags": ["11111111111111111111111111111111LpoYY"]}
[09-09|01:00:05.770] INFO health/worker.go:261 check started passing {"name": "health", "name": "C", "tags": ["11111111111111111111111111111111LpoYY"]}
[09-09|01:00:09.458] INFO chains/manager.go:376 creating chain {"subnetID": "99qx6GvmNDqvtLVdVkzBJs2qrjVJ94gZKmauAUWJGJDMdHA41", "chainID": "MnRMGiQ2tRj4iPcwwZg5AU5aDcrTk81t3iJrYhceQH8SDFyrL", "vmID": "mDV3RhDBqCL8Vt7msBmMzNP2gAMjFXUktxEZsD66p7GGMiqa8"}
[09-09|01:00:09.464] INFO chains/manager.go:1180 creating proposervm wrapper {"activationTime": "[12-05|05:00:00.000]", "minPChainHeight": 0, "minBlockDelay": "0s", "numHistoricalBlocks": 0}
[09-09|01:00:09.471] INFO health/worker.go:115 registered new check and initialized its state to failing {"name": "health", "name": "MnRMGiQ2tRj4iPcwwZg5AU5aDcrTk81t3iJrYhceQH8SDFyrL", "tags": ["99qx6GvmNDqvtLVdVkzBJs2qrjVJ94gZKmauAUWJGJDMdHA41"]}
[09-09|01:00:09.472] INFO server/server.go:216 adding route {"url": "/ext/bc/MnRMGiQ2tRj4iPcwwZg5AU5aDcrTk81t3iJrYhceQH8SDFyrL", "endpoint": ""}
[09-09|01:00:09.472] INFO server/server.go:216 adding route {"url": "/ext/bc/MnRMGiQ2tRj4iPcwwZg5AU5aDcrTk81t3iJrYhceQH8SDFyrL", "endpoint": "/proposervm"}
[09-09|01:00:09.770] WARN health/worker.go:252 check started failing {"name": "health", "name": "bootstrapped", "tags": ["application"], "error": "subnets not bootstrapped"}
[09-09|01:00:09.883] INFO health/worker.go:261 check started passing {"name": "health", "name": "MnRMGiQ2tRj4iPcwwZg5AU5aDcrTk81t3iJrYhceQH8SDFyrL", "tags": ["99qx6GvmNDqvtLVdVkzBJs2qrjVJ94gZKmauAUWJGJDMdHA41"]}
[09-09|01:00:10.463] WARN health/health.go:110 failing check {"namespace": "health", "reason": {"C":{"message":{"engine":{"consensus":{"avgAcceptanceTime":"0s","lastAcceptedHeight":0,"lastAcceptedID":"jXM4J36kLkSjgg1XgdrSPGtqAHxwok4NdcSx8j1hCmGUna9Ac","longestProcessingBlock":"0s","processingBlocks":0},"vm":null},"networking":{"disconnectedValidators":[],"percentConnected":1}},"timestamp":"2026-09-09T01:00:09.770851928Z","duration":7260},"MnRMGiQ2tRj4iPcwwZg5AU5aDcrTk81t3iJrYhceQH8SDFyrL":{"message":{"engine":{"consensus":{},"vm":{"genesisBytes":51838,"healthy":true,"height":0,"lastAccepted":"2hwDgrDtnFbPrxZq4P6ryKgxqtPg2YJ8obMNsj179WDdDTMwAP","nodeIDBytes":20,"peers":5,"pending":0,"processing":0,"stateRoot":"521319db58f6bfced1198c186828bda021dcf35141f804d19a0b792ed4028f60","stateSync":{"enabled":true,"lastCompletedHeight":null,"lastCompletedSummaryID":null,"lastError":null,"ongoingHeight":null,"ongoingSummaryID":null,"pendingRequests":0,"running":false}}},"networking":{"disconnectedValidators":[],"percentConnected":1}},"timestamp":"2026-09-09T01:00:09.883336933Z","duration":112564866},"P":{"message":{"engine":{"consensus":{"avgAcceptanceTime":"0s","lastAcceptedHeight":7,"lastAcceptedID":"HtWQhVT2B2LGQ1VxLXaAX9tec3Sa4arJrKNnoTUBs4TdaF4T5","longestProcessingBlock":"0s","processingBlocks":0},"vm":null},"networking":{"disconnectedValidators":[],"percentConnected":1}},"timestamp":"2026-09-09T01:00:09.770844328Z","duration":20631},"X":{"message":{"engine":{"consensus":{"avgAcceptanceTime":"0s","lastAcceptedHeight":0,"lastAcceptedID":"237MUBy5GzA7E67wBoPHQdSh2YL5s67GyUjjurmZvzn8UYgxSS","longestProcessingBlock":"0s","processingBlocks":0},"vm":null},"networking":{"disconnectedValidators":[],"percentConnected":1}},"timestamp":"2026-09-09T01:00:09.770936502Z","duration":27411},"bls":{"message":"node has the correct BLS key","timestamp":"2026-09-09T01:00:09.770804175Z","duration":6441},"bootstrapped":{"message":["99qx6GvmNDqvtLVdVkzBJs2qrjVJ94gZKmauAUWJGJDMdHA41"],"error":"subnets not bootstrapped","timestamp":"2026-09-09T01:00:09.770865733Z","duration":3595,"contiguousFailures":1,"timeOfFirstFailure":"2026-09-09T01:00:09.770865733Z"},"database":{"timestamp":"2026-09-09T01:00:09.770861825Z","duration":5296},"diskspace":{"message":{"availableDiskBytes":1263724621824,"availableDiskPercentage":30},"timestamp":"2026-09-09T01:00:09.770797201Z","duration":4883},"futureupgrade":{"message":{"localUpgradeTime":"2020-12-05T05:00:00Z","modeUpgradeTime":"2020-12-05T05:00:00Z","modeUpgradeWeightPercentage":80,"numUpgradeTimes":1},"timestamp":"2026-09-09T01:00:09.770822899Z","duration":18472},"network":{"message":{"connectedPeers":4,"sendFailRate":0,"timeSinceLastMsgReceived":"770.789452ms","timeSinceLastMsgSent":"770.789452ms"},"timestamp":"2026-09-09T01:00:09.770791585Z","duration":6442},"router":{"message":{"longestRunningRequest":"215.275024ms","outstandingRequests":1},"timestamp":"2026-09-09T01:00:09.770856212Z","duration":3759}}}
[09-09|01:00:11.770] INFO health/worker.go:261 check started passing {"name": "health", "name": "bootstrapped", "tags": ["application"]}
[09-09|01:08:47.753] INFO node/node.go:1828 shutting down node {"exitCode": 0}
[09-09|01:08:47.753] INFO health/worker.go:115 registered new check and initialized its state to failing {"name": "health", "name": "shuttingDown", "tags": ["application"]}
[09-09|01:08:47.753] INFO chains/manager.go:1543 shutting down chain manager
[09-09|01:08:47.753] INFO router/chain_router.go:421 shutting down chain router
[09-09|01:08:47.802] INFO network/network.go:1142 shutting down the p2p networking
[09-09|01:08:47.802] WARN health/worker.go:252 check started failing {"name": "health", "name": "MnRMGiQ2tRj4iPcwwZg5AU5aDcrTk81t3iJrYhceQH8SDFyrL", "tags": ["99qx6GvmNDqvtLVdVkzBJs2qrjVJ94gZKmauAUWJGJDMdHA41"], "error": "health check failed: rpc error: code = Canceled desc = grpc: the client connection is closing"}
[09-09|01:08:47.802] INFO nat/nat.go:193 Unmapped all ports
[09-09|01:08:47.802] INFO node/node.go:1885 cleaning up plugin runtimes
[09-09|01:08:47.803] INFO node/node.go:1913 finished node shutdown
[09-09|01:08:48.183] INFO node/node.go:158 initializing node {"version": "avalanchego/1.14.2", "commit": "6e5acf909c7a16b991142d6b3979bac5699bdb68", "nodeID": "NodeID-NFBbbJ4qCmNaCzeW7sxErhvWqvEQMnYcN", "stakingKeyType": "RSA", "nodePOP": {"publicKey":"0xb20ab07ea5cf8b77ab50f2071a6f1d2aab693c8bd89761430cd29de9fa0dbae83a32c7697d59ff1b06995b1596c16fa6","proofOfPossession":"0xa113145564d7ac540fade2526938fbd33233957901111328c86c4cbe7ed25f678173d95c54b3342fd7b723c3ed813f2b04fecf4a317205ce65638bb34bb58bb6746e74c63e6cbe5cb25c103b290ed270146b756d3901c8b0f99d083a44572c79"}, "providedFlags": {"api-admin-enabled":"true","bootstrap-ids":"NodeID-GWPcbFJZFfZreETSoWjPimr846mXEKCtu,NodeID-7Xhw2mDxuDS44j42TCB6U5579esbSt3Lg,NodeID-MFrZFVCXPv5iCn6M9K6XduxGTYp891xXZ,NodeID-P7oB2McjBGgW2NXXWVYjV8JEDFoW9xDE5","bootstrap-ips":"127.0.0.1:36029,127.0.0.1:45497,127.0.0.1:42703,127.0.0.1:40103","chain-config-dir":"/live/runtime/data/node3/chainConfigs","config-file":"/live/runtime/data/node3/configs/config.json","data-dir":"/live/runtime/data/node3","db-dir":"/live/runtime/data/node3/db","genesis-file":"/live/runtime/data/node3/configs/genesis.json","health-check-frequency":"2s","http-host":"","http-port":"38337","index-enabled":"true","log-dir":"/live/runtime/data/node3/logs","log-display-level":"INFO","log-level":"INFO","network-id":"1337","network-max-reconnect-delay":"1s","plugin-dir":"/live/runtime/plugins","public-ip":"127.0.0.1","staking-port":"41597","subnet-config-dir":"/live/runtime/data/node3/subnetConfigs","track-subnets":"99qx6GvmNDqvtLVdVkzBJs2qrjVJ94gZKmauAUWJGJDMdHA41"}, "config": {"httpConfig":{"readTimeout":30000000000,"readHeaderTimeout":30000000000,"writeHeaderTimeout":30000000000,"idleTimeout":120000000000,"apiConfig":{"indexerConfig":{"indexAPIEnabled":true,"indexAllowIncomplete":false},"adminAPIEnabled":true,"infoAPIEnabled":true,"metricsAPIEnabled":true,"healthAPIEnabled":true},"httpHost":"","httpPort":38337,"httpsEnabled":false,"httpAllowedOrigins":["*"],"httpAllowedHosts":["localhost"],"shutdownTimeout":10000000000,"shutdownWait":0},"ipConfig":{"publicIP":"127.0.0.1","publicIPResolutionService":"","publicIPResolutionFreq":300000000000,"listenHost":"","listenPort":41597},"stakingConfig":{"uptimeRequirement":0.8,"minValidatorStake":2000000000000,"maxValidatorStake":3000000000000000,"minDelegatorStake":25000000000,"minDelegationFee":20000,"minStakeDuration":86400000000000,"maxStakeDuration":31536000000000000,"rewardConfig":{"maxConsumptionRate":120000,"minConsumptionRate":100000,"mintingPeriod":31536000000000000,"supplyCap":720000000000000000},"sybilProtectionEnabled":true,"partialSyncPrimaryNetwork":false,"sybilProtectionDisabledWeight":100,"stakingTLSKeyPath":"/live/runtime/data/node3/staking/staker.key","stakingTLSCertPath":"/live/runtime/data/node3/staking/staker.crt","stakingSingerConfig":{"ephemeralSignerEnabled":false,"signerKeyContent":"","keyPath":"/live/runtime/data/node3/staking/signer.key","RPCEndpoint":"","keyPathIsSet":false}},"txFeeConfig":{"createAssetTxFee":1000000,"txFee":1000000,"dynamicFeeConfig":{"weights":[1,1000,1000,4],"maxCapacity":1000000,"maxPerSecond":100000,"targetPerSecond":50000,"minPrice":1,"excessConversionConstant":2164043},"validatorFeeConfig":{"capacity":20000,"target":10000,"minPrice":1,"excessConversionConstant":865617}},"stateSyncConfig":{"stateSyncIDs":null,"stateSyncIPs":null},"bootstrapConfig":{"bootstrapBeaconConnectionTimeout":60000000000,"bootstrapAncestorsMaxContainersSent":2000,"bootstrapAncestorsMaxContainersReceived":2000,"bootstrapMaxTimeGetAncestors":50000000,"bootstrappers":[{"id":"NodeID-GWPcbFJZFfZreETSoWjPimr846mXEKCtu","ip":"127.0.0.1:36029"},{"id":"NodeID-7Xhw2mDxuDS44j42TCB6U5579esbSt3Lg","ip":"127.0.0.1:45497"},{"id":"NodeID-MFrZFVCXPv5iCn6M9K6XduxGTYp891xXZ","ip":"127.0.0.1:42703"},{"id":"NodeID-P7oB2McjBGgW2NXXWVYjV8JEDFoW9xDE5","ip":"127.0.0.1:40103"}]},"databaseConfig":{"readOnly":false,"path":"/live/runtime/data/node3/db/network-1337","name":"leveldb"},"upgradeConfig":{"apricotPhase1Time":"2020-12-05T05:00:00Z","apricotPhase2Time":"2020-12-05T05:00:00Z","apricotPhase3Time":"2020-12-05T05:00:00Z","apricotPhase4Time":"2020-12-05T05:00:00Z","apricotPhase4MinPChainHeight":0,"apricotPhase5Time":"2020-12-05T05:00:00Z","apricotPhasePre6Time":"2020-12-05T05:00:00Z","apricotPhase6Time":"2020-12-05T05:00:00Z","apricotPhasePost6Time":"2020-12-05T05:00:00Z","banffTime":"2020-12-05T05:00:00Z","cortinaTime":"2020-12-05T05:00:00Z","cortinaXChainStopVertexID":"11111111111111111111111111111111LpoYY","durangoTime":"2020-12-05T05:00:00Z","etnaTime":"2020-12-05T05:00:00Z","fortunaTime":"2020-12-05T05:00:00Z","graniteTime":"2020-12-05T05:00:00Z","graniteEpochDuration":30000000000,"heliconTime":"9999-12-01T00:00:00Z"},"avaxAssetID":"28VTWcsTZ55draGkmjdcS9CFFv4zC3PbvVjkyoqxzNC7Y5msRP","networkID":1337,"healthCheckFreq":2000000000,"networkConfig":{"healthConfig":{"NoIngressValidatorConnectionGracePeriod":600000000000,"minConnectedPeers":1,"maxTimeSinceMsgReceived":60000000000,"maxTimeSinceMsgSent":60000000000,"maxPortionSendQueueBytesFull":0.9,"maxSendFailRate":0.9,"sendFailRateHalflife":10000000000},"peerListGossipConfig":{"peerListNumValidatorIPs":15,"peerListPullGossipFreq":2000000000,"peerListBloomResetFreq":60000000000},"timeoutConfigs":{"pingPongTimeout":30000000000,"readHandshakeTimeout":15000000000},"delayConfig":{"initialReconnectDelay":1000000000,"maxReconnectDelay":1000000000},"throttlerConfig":{"inboundConnUpgradeThrottlerConfig":{"upgradeCooldown":10000000000,"maxRecentConnsUpgraded":2560},"inboundMsgThrottlerConfig":{"byteThrottlerConfig":{"vdrAllocSize":33554432,"atLargeAllocSize":6291456,"nodeMaxAtLargeBytes":2097152},"bandwidthThrottlerConfig":{"bandwidthRefillRate":524288,"bandwidthMaxBurstRate":2097152},"cpuThrottlerConfig":{"maxRecheckDelay":5000000000},"diskThrottlerConfig":{"maxRecheckDelay":5000000000},"maxProcessingMsgsPerNode":1024},"outboundMsgThrottlerConfig":{"vdrAllocSize":33554432,"atLargeAllocSize":33554432,"nodeMaxAtLargeBytes":2097152},"maxInboundConnsPerSec":256},"proxyEnabled":false,"proxyReadHeaderTimeout":3000000000,"dialerConfig":{"throttleRps":50,"connectionTimeout":30000000000},"tlsKeyLogFile":"","myNodeID":"NodeID-111111111111111111116DBWJs","myIP":null,"networkID":0,"maxClockDifference":60000000000,"pingFrequency":22500000000,"allowPrivateIPs":true,"supportedACPs":[],"objectedACPs":[],"compressionType":"zstd","uptimeMetricFreq":30000000000,"requireValidatorToConnect":false,"maximumInboundMessageTimeout":10000000000,"peerReadBufferSize":8192,"peerWriteBufferSize":8192,"connectToAllValidators":false},"adaptiveTimeoutConfig":{"initialTimeout":5000000000,"minimumTimeout":2000000000,"maximumTimeout":10000000000,"timeoutCoefficient":2,"timeoutHalflife":300000000000},"benchlistConfig":{"halflife":60000000000,"unbenchProbability":0.2,"benchProbability":0.5,"benchDuration":300000000000,"maxPortion":0.08333333333333333},"profilerConfig":{"dir":"/live/runtime/data/node3/profiles","enabled":false,"freq":900000000000,"maxNumFiles":5},"loggingConfig":{"maxSize":8,"maxFiles":7,"maxAge":0,"directory":"/live/runtime/data/node3/logs","compress":false,"disableWriterDisplaying":false,"logLevel":"INFO","displayLevel":"INFO","logFormat":"plain"},"pluginDir":"/live/runtime/plugins","fdLimit":32768,"meterVMEnabled":true,"routerHealthConfig":{"maxDropRate":1,"maxDropRateHalflife":10000000000,"maxOutstandingRequests":1024,"maxOutstandingDuration":300000000000,"maxRunTimeRequests":10000000000},"consensusShutdownTimeout":60000000000,"consensusGossipFreq":100000000,"consensusAppConcurrency":2,"trackedSubnets":["99qx6GvmNDqvtLVdVkzBJs2qrjVJ94gZKmauAUWJGJDMdHA41"],"proposerMinBlockDelay":1000000000,"subnetConfigs":{"11111111111111111111111111111111LpoYY":{"validatorOnly":false,"allowedNodes":[],"consensusParameters":null,"snowParameters":{"k":20,"alphaPreference":15,"alphaConfidence":15,"beta":20,"concurrentRepolls":4,"optimalProcessing":10,"maxOutstandingItems":256,"maxItemProcessingTime":30000000000},"simplexParameters":null,"proposerNumHistoricalBlocks":0},"99qx6GvmNDqvtLVdVkzBJs2qrjVJ94gZKmauAUWJGJDMdHA41":{"validatorOnly":false,"allowedNodes":[],"consensusParameters":null,"snowParameters":{"k":20,"alphaPreference":15,"alphaConfidence":15,"beta":20,"concurrentRepolls":4,"optimalProcessing":10,"maxOutstandingItems":256,"maxItemProcessingTime":30000000000},"simplexParameters":null,"proposerNumHistoricalBlocks":0}},"chainAliases":null,"vmAliases":null,"systemTrackerProcessingHalflife":15000000000,"systemTrackerFrequency":500000000,"systemTrackerCPUHalflife":15000000000,"systemTrackerDiskHalflife":60000000000,"cpuTargeterConfig":{"vdrAlloc":64,"maxNonVdrUsage":51.2,"maxNonVdrNodeUsage":8},"diskTargeterConfig":{"vdrAlloc":1073741824000,"maxNonVdrUsage":1073741824000,"maxNonVdrNodeUsage":1073741824000},"requiredAvailableDiskSpacePercentage":3,"warningAvailableDiskSpacePercentage":10,"traceConfig":{"exporterConfig":{"type":"disabled","endpoint":"","headers":{},"insecure":true},"traceSampleRate":0.1,"appName":"avalanchego","version":"avalanchego/1.14.2"},"useCurrentHeight":false,"chainDataDir":"/live/runtime/data/node3/chainData","processContextFilePath":"/live/runtime/data/node3/process.json"}}
[09-09|01:08:48.184] INFO node/node.go:931 initializing NAT
[09-09|01:08:48.184] INFO node/node.go:949 initializing API server
[09-09|01:08:48.184] WARN node/node.go:986 HTTP server is binding to a potentially public host. You may be vulnerable to a DoS attack if your HTTP port is publicly accessible {"host": ""}
[09-09|01:08:48.184] INFO server/server.go:133 API created {"allowedOrigins": ["*"]}
[09-09|01:08:48.184] INFO node/node.go:1300 initializing metrics API
[09-09|01:08:48.185] INFO server/server.go:245 adding route {"url": "/ext/metrics", "endpoint": ""}
[09-09|01:08:48.185] INFO leveldb/db.go:205 creating leveldb {"config": {"blockCacheCapacity":12582912,"blockSize":0,"compactionExpandLimitFactor":0,"compactionGPOverlapsFactor":0,"compactionL0Trigger":0,"compactionSourceLimitFactor":0,"compactionTableSize":0,"compactionTableSizeMultiplier":0,"compactionTableSizeMultiplierPerLevel":null,"compactionTotalSize":0,"compactionTotalSizeMultiplier":0,"disableSeeksCompaction":true,"openFilesCacheCapacity":1024,"writeBuffer":6291456,"filterBitsPerKey":10,"maxManifestFileSize":9223372036854775807,"metricUpdateFrequency":10000000000}}
[09-09|01:08:48.239] INFO node/node.go:829 initializing database {"genesisHash": "29ygDx4AFkfzQEAUwHNqTXYxB2Za8bnMY7Fc1wgFjtknzooqhk"}
[09-09|01:08:48.240] INFO node/node.go:1267 initializing SharedMemory
[09-09|01:08:48.242] WARN node/node.go:502 P2P IP is private, you will not be publicly discoverable {"ip": "127.0.0.1"}
[09-09|01:08:48.242] INFO node/node.go:517 initializing networking {"ip": "127.0.0.1:41597"}
[09-09|01:08:48.242] INFO node/node.go:1431 initializing Health API
[09-09|01:08:48.242] INFO health/worker.go:115 registered new check and initialized its state to failing {"name": "health", "name": "network", "tags": ["application"]}
[09-09|01:08:48.242] INFO health/worker.go:115 registered new check and initialized its state to failing {"name": "health", "name": "router", "tags": ["application"]}
[09-09|01:08:48.242] INFO health/worker.go:115 registered new check and initialized its state to failing {"name": "health", "name": "database", "tags": ["application"]}
[09-09|01:08:48.242] INFO health/worker.go:115 registered new check and initialized its state to failing {"name": "health", "name": "diskspace", "tags": ["application"]}
[09-09|01:08:48.242] INFO health/worker.go:115 registered new check and initialized its state to failing {"name": "health", "name": "bls", "tags": ["application"]}
[09-09|01:08:48.242] INFO health/worker.go:115 registered new check and initialized its state to failing {"name": "health", "name": "futureupgrade", "tags": ["application"]}
[09-09|01:08:48.242] INFO server/server.go:245 adding route {"url": "/ext/health", "endpoint": ""}
[09-09|01:08:48.242] INFO server/server.go:245 adding route {"url": "/ext/health", "endpoint": "/readiness"}
[09-09|01:08:48.242] INFO server/server.go:245 adding route {"url": "/ext/health", "endpoint": "/health"}
[09-09|01:08:48.242] INFO server/server.go:245 adding route {"url": "/ext/health", "endpoint": "/liveness"}
[09-09|01:08:48.242] INFO node/node.go:1041 adding the default VM aliases
[09-09|01:08:48.242] INFO node/node.go:1185 initializing VMs
[09-09|01:08:48.254] INFO node/node.go:1319 initializing admin API
[09-09|01:08:48.254] INFO server/server.go:245 adding route {"url": "/ext/admin", "endpoint": ""}
[09-09|01:08:48.255] INFO node/node.go:1373 initializing info API
[09-09|01:08:48.255] INFO server/server.go:245 adding route {"url": "/ext/info", "endpoint": ""}
[09-09|01:08:48.255] INFO node/node.go:1667 initializing chain aliases
[09-09|01:08:48.255] INFO node/node.go:1694 initializing API aliases
[09-09|01:08:48.255] INFO node/node.go:1346 skipping profiler initialization because it has been disabled
[09-09|01:08:48.255] INFO node/node.go:907 initializing chains
[09-09|01:08:48.255] INFO chains/manager.go:376 creating chain {"subnetID": "11111111111111111111111111111111LpoYY", "chainID": "11111111111111111111111111111111LpoYY", "vmID": "rWhpuQPF1kb72esV2momhMuTYGkEb1oL29pt2EBXWmSy4kxnT"}
[09-09|01:08:48.255] INFO health/worker.go:261 check started passing {"name": "health", "name": "database", "tags": ["application"]}
[09-09|01:08:48.255] INFO health/worker.go:261 check started passing {"name": "health", "name": "diskspace", "tags": ["application"]}
[09-09|01:08:48.255] INFO health/worker.go:261 check started passing {"name": "health", "name": "bls", "tags": ["application"]}
[09-09|01:08:48.255] INFO health/worker.go:261 check started passing {"name": "health", "name": "router", "tags": ["application"]}
[09-09|01:08:48.255] INFO chains/manager.go:1180 creating proposervm wrapper {"activationTime": "[12-05|05:00:00.000]", "minPChainHeight": 0, "minBlockDelay": "1s", "numHistoricalBlocks": 0}
[09-09|01:08:48.263] INFO health/worker.go:115 registered new check and initialized its state to failing {"name": "health", "name": "P", "tags": ["11111111111111111111111111111111LpoYY"]}
[09-09|01:08:48.263] INFO server/server.go:216 adding route {"url": "/ext/bc/11111111111111111111111111111111LpoYY", "endpoint": ""}
[09-09|01:08:48.263] INFO server/server.go:216 adding route {"url": "/ext/bc/11111111111111111111111111111111LpoYY", "endpoint": "/proposervm"}
[09-09|01:08:48.263] INFO indexer/index.go:92 created new index {"nextAcceptedIndex": 7}
[09-09|01:08:48.263] INFO server/server.go:245 adding route {"url": "/ext/index/P", "endpoint": "/block"}
[09-09|01:08:48.263] INFO health/worker.go:115 registered new check and initialized its state to failing {"name": "readiness", "name": "bootstrapped", "tags": ["application"]}
[09-09|01:08:48.263] INFO health/worker.go:115 registered new check and initialized its state to failing {"name": "health", "name": "bootstrapped", "tags": ["application"]}
[09-09|01:08:48.265] INFO chains/manager.go:1512 starting chain creator
[09-09|01:08:48.266] INFO node/node.go:647 writing process context {"path": "/live/runtime/data/node3/process.json"}
[09-09|01:08:48.273] INFO node/node.go:674 API server listening {"uri": "http://[::]:38337"}
[09-09|01:08:48.294] INFO chains/manager.go:376 creating chain {"subnetID": "11111111111111111111111111111111LpoYY", "chainID": "NeA134STyTVwife7gYeNQ6Hwi5GPGC2X7aUFvWsnusnpM2do6", "vmID": "mgj786NP7uDwBCcq6YwThhaN8FLyybkCa4zBWTQbNgmK6k9A6"}
[09-09|01:08:48.294] INFO chains/manager.go:1180 creating proposervm wrapper {"activationTime": "[12-05|05:00:00.000]", "minPChainHeight": 0, "minBlockDelay": "0s", "numHistoricalBlocks": 0}
[09-09|01:08:48.297] INFO health/worker.go:115 registered new check and initialized its state to failing {"name": "health", "name": "C", "tags": ["11111111111111111111111111111111LpoYY"]}
[09-09|01:08:48.297] INFO server/server.go:216 adding route {"url": "/ext/bc/NeA134STyTVwife7gYeNQ6Hwi5GPGC2X7aUFvWsnusnpM2do6", "endpoint": "/rpc"}
[09-09|01:08:48.297] INFO server/server.go:216 adding route {"url": "/ext/bc/NeA134STyTVwife7gYeNQ6Hwi5GPGC2X7aUFvWsnusnpM2do6", "endpoint": "/ws"}
[09-09|01:08:48.297] INFO server/server.go:216 adding route {"url": "/ext/bc/NeA134STyTVwife7gYeNQ6Hwi5GPGC2X7aUFvWsnusnpM2do6", "endpoint": "/avax"}
[09-09|01:08:48.297] INFO server/server.go:216 adding route {"url": "/ext/bc/NeA134STyTVwife7gYeNQ6Hwi5GPGC2X7aUFvWsnusnpM2do6", "endpoint": "/proposervm"}
[09-09|01:08:48.298] INFO indexer/index.go:92 created new index {"nextAcceptedIndex": 0}
[09-09|01:08:48.298] INFO server/server.go:245 adding route {"url": "/ext/index/C", "endpoint": "/block"}
[09-09|01:08:48.298] INFO chains/manager.go:376 creating chain {"subnetID": "11111111111111111111111111111111LpoYY", "chainID": "2NuxE6iXPyM9tknyHCVkTGQVM6Bj2rYMNW7tRd4aNiXXE3oPcB", "vmID": "jvYyfQTxGMJLuGWa55kdP2p2zSUYsQ5Raupu4TW34ZAUBAbtq"}
[09-09|01:08:48.300] INFO chains/manager.go:756 creating proposervm wrapper {"activationTime": "[12-05|05:00:00.000]", "minPChainHeight": 0, "minBlockDelay": "1s", "numHistoricalBlocks": 0}
[09-09|01:08:48.300] INFO health/worker.go:115 registered new check and initialized its state to failing {"name": "health", "name": "X", "tags": ["11111111111111111111111111111111LpoYY"]}
[09-09|01:08:48.300] INFO server/server.go:216 adding route {"url": "/ext/bc/2NuxE6iXPyM9tknyHCVkTGQVM6Bj2rYMNW7tRd4aNiXXE3oPcB", "endpoint": ""}
[09-09|01:08:48.300] INFO server/server.go:216 adding route {"url": "/ext/bc/2NuxE6iXPyM9tknyHCVkTGQVM6Bj2rYMNW7tRd4aNiXXE3oPcB", "endpoint": "/wallet"}
[09-09|01:08:48.300] INFO indexer/index.go:92 created new index {"nextAcceptedIndex": 0}
[09-09|01:08:48.300] INFO server/server.go:245 adding route {"url": "/ext/index/X", "endpoint": "/block"}
[09-09|01:08:48.300] INFO indexer/index.go:92 created new index {"nextAcceptedIndex": 0}
[09-09|01:08:48.300] INFO server/server.go:245 adding route {"url": "/ext/index/X", "endpoint": "/vtx"}
[09-09|01:08:48.300] INFO indexer/index.go:92 created new index {"nextAcceptedIndex": 0}
[09-09|01:08:48.300] INFO server/server.go:245 adding route {"url": "/ext/index/X", "endpoint": "/tx"}
[09-09|01:08:48.301] INFO chains/manager.go:376 creating chain {"subnetID": "99qx6GvmNDqvtLVdVkzBJs2qrjVJ94gZKmauAUWJGJDMdHA41", "chainID": "MnRMGiQ2tRj4iPcwwZg5AU5aDcrTk81t3iJrYhceQH8SDFyrL", "vmID": "mDV3RhDBqCL8Vt7msBmMzNP2gAMjFXUktxEZsD66p7GGMiqa8"}
[09-09|01:08:48.306] INFO chains/manager.go:1180 creating proposervm wrapper {"activationTime": "[12-05|05:00:00.000]", "minPChainHeight": 0, "minBlockDelay": "0s", "numHistoricalBlocks": 0}
[09-09|01:08:48.741] INFO node/node.go:1828 shutting down node {"exitCode": 0}
[09-09|01:08:48.741] INFO health/worker.go:115 registered new check and initialized its state to failing {"name": "health", "name": "shuttingDown", "tags": ["application"]}
[09-09|01:08:48.741] INFO chains/manager.go:1543 shutting down chain manager
[09-09|01:08:50.256] INFO health/worker.go:261 check started passing {"name": "health", "name": "futureupgrade", "tags": ["application"]}
[09-09|01:08:50.256] INFO health/worker.go:261 check started passing {"name": "health", "name": "network", "tags": ["application"]}
[09-09|01:08:50.355] INFO health/worker.go:115 registered new check and initialized its state to failing {"name": "health", "name": "MnRMGiQ2tRj4iPcwwZg5AU5aDcrTk81t3iJrYhceQH8SDFyrL", "tags": ["99qx6GvmNDqvtLVdVkzBJs2qrjVJ94gZKmauAUWJGJDMdHA41"]}
[09-09|01:08:50.356] INFO server/server.go:216 adding route {"url": "/ext/bc/MnRMGiQ2tRj4iPcwwZg5AU5aDcrTk81t3iJrYhceQH8SDFyrL", "endpoint": ""}
[09-09|01:08:50.356] INFO server/server.go:216 adding route {"url": "/ext/bc/MnRMGiQ2tRj4iPcwwZg5AU5aDcrTk81t3iJrYhceQH8SDFyrL", "endpoint": "/proposervm"}
[09-09|01:08:50.402] INFO router/chain_router.go:421 shutting down chain router
[09-09|01:08:50.426] INFO network/network.go:1142 shutting down the p2p networking
[09-09|01:08:50.426] INFO nat/nat.go:193 Unmapped all ports
[09-09|01:08:50.426] INFO node/node.go:1885 cleaning up plugin runtimes
[09-09|01:08:50.426] INFO node/node.go:1913 finished node shutdown
