    Checking zkfmi-cosnark-trial v0.1.0 (/trial/src/zkfmi-crypto/research/cosnark-trial)
    Finished `release` profile [optimized] target(s) in 1.03s
   Compiling zkfmi-cosnark-trial v0.1.0 (/trial/src/zkfmi-crypto/research/cosnark-trial)
    Finished `release` profile [optimized] target(s) in 5.06s
     Running unittests src/lib.rs (/target/release/deps/zkfmi_cosnark_trial-8e6a023c3bac7138)
     Running unittests src/main.rs (/target/release/deps/zkfmi_cosnark_trial-6337454242df0745)

running 0 tests

test result: ok. 0 passed; 0 failed; 0 ignored; 0 measured; 0 filtered out; finished in 0.00s

     Running tests/arithmetic.rs (/target/release/deps/arithmetic-b8796085a7b4291c)

running 0 tests

test result: ok. 0 passed; 0 failed; 0 ignored; 0 measured; 0 filtered out; finished in 0.00s


running 3 tests
test actual_fft_recovers_coefficients_and_rejects_bad_size ... ok
test field_encoding_is_canonical ... ok
test literal_equations_fail_necessary_binding_not_the_fft_check ... ok

test result: ok. 3 passed; 0 failed; 0 ignored; 0 measured; 0 filtered out; finished in 0.00s

     Running tests/composition_arithmetic.rs (/target/release/deps/composition_arithmetic-1d5c4cb1ee05e622)

running 8 tests
test collapsed_matrix_relation_binds_constant_and_padding_masks ... ok
test equality_table_and_low_bit_restriction_are_dual ... ok
test financial_relation_detects_inconsistent_notional ... ok
test merkle_opening_binds_index_domain_value_and_salt ... ok
test transcript_binds_statement_and_message_boundaries ... ok
test separable_mask_boolean_sum_has_declared_scaling ... ok
test coset_fold_matches_coefficient_restriction_including_endpoints ... ok
test message_and_coefficient_linear_functionals_match ... ok

test result: ok. 8 passed; 0 failed; 0 ignored; 0 measured; 0 filtered out; finished in 0.03s

     Running tests/integration_arithmetic.rs (/target/release/deps/integration_arithmetic-ef9b151866bd4e8b)

running 8 tests
test book_linear_claims_bind_the_same_balance_and_blind_coordinates ... ok
test full_u64_boundaries_and_atomic_conservation ... ok
test product_overflow_is_not_accepted_as_modular_integer_arithmetic ... ok
test negative_balance_cannot_masquerade_as_u64_max ... ok
test no_fill_preserves_balances_even_with_high_bit_quantities ... ok
test public_fill_flag_is_part_of_the_bound_circuit ... ok
test non_boolean_bits_and_wrong_product_are_rejected ... ok
test unsupported_modes_sequences_and_noncanonical_commitments_fail_closed ... ok

test result: ok. 8 passed; 0 failed; 0 ignored; 0 measured; 0 filtered out; finished in 0.00s

   Doc-tests zkfmi_cosnark_trial

running 0 tests

test result: ok. 0 passed; 0 failed; 0 ignored; 0 measured; 0 filtered out; finished in 0.00s

   Compiling serde_json v1.0.151
    Checking zkfmi-cosnark-trial v0.1.0 (/trial/src/zkfmi-crypto/research/cosnark-trial)
    Finished `release` profile [optimized] target(s) in 0.93s
