#0 building with "default" instance using docker driver

#1 [internal] load build definition from Dockerfile
#1 transferring dockerfile: 388B done
#1 WARN: InvalidDefaultArgInFrom: Default value for ARG ${BASE_IMAGE} results in empty or invalid base image name (line 2)
#1 DONE 0.1s

#2 [internal] load metadata for docker.io/library/sha256:a73477f22efc696d6690a6e65c217b84a46ae50af5243d760ffc612d81b4a6e3
#2 ERROR: pull access denied, repository does not exist or may require authorization: server message: insufficient_scope: authorization failed
------
 > [internal] load metadata for docker.io/library/sha256:a73477f22efc696d6690a6e65c217b84a46ae50af5243d760ffc612d81b4a6e3:
------

 [33m1 warning found (use docker --debug to expand):
[0m - InvalidDefaultArgInFrom: Default value for ARG ${BASE_IMAGE} results in empty or invalid base image name (line 2)
Dockerfile:2
--------------------
   1 |     ARG BASE_IMAGE
   2 | >>> FROM ${BASE_IMAGE}
   3 |     
   4 |     # AvalancheGo intentionally starts plugins without the parent's loader
--------------------
ERROR: failed to build: failed to solve: sha256:a73477f22efc696d6690a6e65c217b84a46ae50af5243d760ffc612d81b4a6e3: failed to resolve source metadata for docker.io/library/sha256:a73477f22efc696d6690a6e65c217b84a46ae50af5243d760ffc612d81b4a6e3: pull access denied, repository does not exist or may require authorization: server message: insufficient_scope: authorization failed
