   Compiling qomm-mpc v0.1.0 (/src/zkpi/rust/qomm-mpc)
    Checking zkfmi-cosnark-trial v0.1.0 (/src/zkfmi-crypto/research/cosnark-trial)
    Finished `release` profile [optimized] target(s) in 2m 36s
   Compiling qomm-dsl v0.1.0 (/src/zkpi/rust/qomm-dsl)
   Compiling zkfmi-measure v0.1.0 (/src/zkpi/rust/zkfmi-measure)
   Compiling qomm-mpc v0.1.0 (/src/zkpi/rust/qomm-mpc)
   Compiling zkfmi-cosnark-trial v0.1.0 (/src/zkfmi-crypto/research/cosnark-trial)
    Finished `release` profile [optimized] target(s) in 6.32s
     Running unittests src/lib.rs (/target/release/deps/zkfmi_cosnark_trial-a38c666f926b0a26)

running 0 tests

test result: ok. 0 passed; 0 failed; 0 ignored; 0 measured; 0 filtered out; finished in 0.00s

     Running unittests src/main.rs (/target/release/deps/zkfmi_cosnark_trial-cfc96ab3eb040e12)

running 0 tests

test result: ok. 0 passed; 0 failed; 0 ignored; 0 measured; 0 filtered out; finished in 0.00s

     Running tests/arithmetic.rs (/target/release/deps/arithmetic-f07c52211fc2c1e9)

running 3 tests
test actual_fft_recovers_coefficients_and_rejects_bad_size ... ok
test field_encoding_is_canonical ... ok
test literal_equations_fail_necessary_binding_not_the_fft_check ... ok

test result: ok. 3 passed; 0 failed; 0 ignored; 0 measured; 0 filtered out; finished in 0.00s

     Running tests/composition_arithmetic.rs (/target/release/deps/composition_arithmetic-7c136ed3d77cdf98)

running 8 tests
test collapsed_matrix_relation_binds_constant_and_padding_masks ... ok
test equality_table_and_low_bit_restriction_are_dual ... ok
test merkle_opening_binds_index_domain_value_and_salt ... ok
test financial_relation_detects_inconsistent_notional ... ok
test transcript_binds_statement_and_message_boundaries ... ok
test separable_mask_boolean_sum_has_declared_scaling ... ok
test coset_fold_matches_coefficient_restriction_including_endpoints ... ok
test message_and_coefficient_linear_functionals_match ... ok

test result: ok. 8 passed; 0 failed; 0 ignored; 0 measured; 0 filtered out; finished in 0.03s

     Running tests/integration_arithmetic.rs (/target/release/deps/integration_arithmetic-710e61b8c172b51b)

running 8 tests
test book_linear_claims_bind_the_same_balance_and_blind_coordinates ... ok
test product_overflow_is_not_accepted_as_modular_integer_arithmetic ... ok
test negative_balance_cannot_masquerade_as_u64_max ... ok
test full_u64_boundaries_and_atomic_conservation ... ok
test no_fill_preserves_balances_even_with_high_bit_quantities ... ok
test non_boolean_bits_and_wrong_product_are_rejected ... ok
test public_fill_flag_is_part_of_the_bound_circuit ... ok
test unsupported_modes_sequences_and_noncanonical_commitments_fail_closed ... ok

test result: ok. 8 passed; 0 failed; 0 ignored; 0 measured; 0 filtered out; finished in 0.00s

   Doc-tests zkfmi_cosnark_trial

running 0 tests

test result: ok. 0 passed; 0 failed; 0 ignored; 0 measured; 0 filtered out; finished in 0.00s

    Checking zkfmi-cosnark-trial v0.1.0 (/src/zkfmi-crypto/research/cosnark-trial)
    Finished `release` profile [optimized] target(s) in 0.44s
