host=ngi-external022-vm1
commit=bd43f598a9a78b7f74d16eafb02e10be90d9c95c
started_at=2026-09-05T05:22:42Z
worktree_dirty=1
input_manifest=input-20260905T052242Z.sha256
input_sha256=aa9b176485e8992f27ddf71406ae71960707bea603b8e106e6e3488d938c12ce
info: component rustfmt is up to date
info: component clippy is up to date
rustc 1.97.1 (8bab26f4f 2026-07-14)
cargo 1.97.1 (c980f4866 2026-06-30)
    Finished `dev` profile [unoptimized + debuginfo] target(s) in 0.06s
    Finished `release` profile [optimized] target(s) in 0.06s
     Running unittests src/lib.rs (target/release/deps/zkfmi_crypto-a65f2fd1e8f6bed4)

running 9 tests
test backend::tests::acvp_mldsa65_31_modified_z ... ok
test backend::tests::acvp_mldsa65_33_valid ... ok
test backend::tests::acvp_mldsa65_43_valid ... ok
test backend::tests::acvp_mldsa65_42_modified_commitment_max_context ... ok
test backend::tests::acvp_mlkem768_26_encapsulation ... ok
test backend::tests::acvp_mlkem768_27_encapsulation ... ok
test backend::tests::acvp_mlkem768_86_valid_decapsulation ... ok
test backend::tests::acvp_mlkem768_88_implicit_rejection ... ok
test backend::tests::rfc8032_ed25519_test_1 ... ok

test result: ok. 9 passed; 0 failed; 0 ignored; 0 measured; 0 filtered out; finished in 0.00s

     Running tests/canonical_and_suite.rs (target/release/deps/canonical_and_suite-4ff9b0a1e460ef51)

running 9 tests
test all_replay_boundaries_change_the_preimage ... ok
test canonical_rejects_expiry_and_empty_identifiers ... ok
test golden_hybrid_settlement_two_objects ... ok
test golden_utf8_and_u64_limits ... ok
test length_framing_prevents_concatenation_ambiguity ... ok
test golden_minimal_quote ... ok
test wire_rejects_unknown_fields_suites_and_versions ... ok
test project_memory_is_well_formed_and_remote_only ... ok
test fips_sizes_match_actual_rustcrypto_encodings ... ok

test result: ok. 9 passed; 0 failed; 0 ignored; 0 measured; 0 filtered out; finished in 0.00s

     Running tests/hybrid.rs (target/release/deps/hybrid-40bdc3d0497504f9)

running 14 tests
test ciphertext_wire_rejects_unknown_fields_and_missing_parts ... ok
test kem_combiner_depends_on_both_secrets_and_both_ciphertexts ... ok
test kem_rejects_low_order_x25519_and_bad_mlkem_keys ... ok
test kem_real_roundtrip_and_ciphertext_integrity ... ok
test provider_rejects_unregistered_capabilities_and_duplicate_registration ... ok
test independent_standalone_signatures_cannot_be_lifted_into_hybrid ... ok
test signature_accepts_both_valid ... ok
test signature_binds_purpose_message_and_hybrid_suite_context ... ok
test fresh_os_keys_work_through_backend_neutral_provider ... ok
test signature_rejects_both_invalid ... ok
test signature_rejects_missing_swapped_truncated_and_appended_components ... ok
test standalone_mlkem_uses_real_backend_and_strict_lengths ... ok
test signature_rejects_classical_invalid ... ok
test signature_rejects_pq_invalid ... ok

test result: ok. 14 passed; 0 failed; 0 ignored; 0 measured; 0 filtered out; finished in 0.00s

     Running tests/key_lifecycle.rs (target/release/deps/key_lifecycle-61e31517f818ab45)

running 11 tests
test enrollment_rejects_invalid_shapes_and_cannot_overwrite_existing_keys ... ok
test public_records_are_strict_serde_and_identifiers_are_nonempty ... ok
test pq_to_classical_only_rotation_is_rejected ... ok
test rotation_binds_new_key_identity_purpose_validity_and_dekyx_reference ... ok
test preimage_verification_applies_key_lifecycle_suite_purpose_and_expiry ... ok
test classical_to_hybrid_rotation_requires_both_successor_signatures ... ok
test rotation_rejects_either_missing_invalid_or_swapped_direction_atomically ... ok
test unknown_key_version_wrong_purpose_and_revocation_fail_closed ... ok
test rotation_rejects_stale_revoked_expired_or_future_keys_and_replay ... ok
test valid_bidirectional_rotation_preserves_participant_and_retires_old_key ... ok
test validity_is_start_inclusive_end_exclusive_and_revocation_inclusive ... ok

test result: ok. 11 passed; 0 failed; 0 ignored; 0 measured; 0 filtered out; finished in 0.00s

   Doc-tests zkfmi_crypto

running 0 tests

test result: ok. 0 passed; 0 failed; 0 ignored; 0 measured; 0 filtered out; finished in 0.00s

block-buffer v0.10.4
└── digest v0.10.7
    ├── curve25519-dalek v4.1.3
    │   ├── ed25519-dalek v2.2.0
    │   │   └── zkfmi-crypto v0.1.0 (/work)
    │   └── x25519-dalek v2.0.1
    │       └── zkfmi-crypto v0.1.0 (/work)
    ├── hmac v0.12.1
    │   └── hkdf v0.12.4
    │       └── zkfmi-crypto v0.1.0 (/work)
    └── sha2 v0.10.9
        ├── ed25519-dalek v2.2.0 (*)
        └── zkfmi-crypto v0.1.0 (/work)

block-buffer v0.12.1
└── digest v0.11.3
    ├── sha3 v0.11.0
    │   └── ml-kem v0.3.2
    │       └── zkfmi-crypto v0.1.0 (/work)
    ├── shake v0.1.0
    │   └── ml-dsa v0.1.1
    │       └── zkfmi-crypto v0.1.0 (/work)
    └── signature v3.0.0
        └── ml-dsa v0.1.1 (*)

crypto-common v0.1.7
└── digest v0.10.7 (*)

crypto-common v0.2.2
├── digest v0.11.3 (*)
├── kem v0.3.0
│   └── ml-kem v0.3.2 (*)
└── ml-dsa v0.1.1 (*)

digest v0.10.7 (*)

digest v0.11.3 (*)

getrandom v0.2.17
└── rand_core v0.6.4
    ├── ed25519-dalek v2.2.0 (*)
    ├── x25519-dalek v2.0.1 (*)
    └── zkfmi-crypto v0.1.0 (/work)

getrandom v0.4.3
└── zkfmi-crypto v0.1.0 (/work)

rand_core v0.6.4 (*)

rand_core v0.10.1
├── crypto-common v0.2.2 (*)
├── getrandom v0.4.3 (*)
├── kem v0.3.0 (*)
├── ml-kem v0.3.2 (*)
└── signature v3.0.0 (*)

signature v2.2.0
└── ed25519 v2.2.3
    └── ed25519-dalek v2.2.0 (*)

signature v3.0.0 (*)

syn v2.0.119
├── curve25519-dalek-derive v0.1.1 (proc-macro)
│   └── curve25519-dalek v4.1.3 (*)
└── zeroize_derive v1.5.0 (proc-macro)
    └── zeroize v1.9.0
        ├── curve25519-dalek v4.1.3 (*)
        ├── ed25519-dalek v2.2.0 (*)
        ├── hybrid-array v0.4.14
        │   ├── block-buffer v0.12.1 (*)
        │   ├── crypto-common v0.2.2 (*)
        │   ├── ml-dsa v0.1.1 (*)
        │   ├── ml-kem v0.3.2 (*)
        │   └── module-lattice v0.2.3
        │       ├── ml-dsa v0.1.1 (*)
        │       └── ml-kem v0.3.2 (*)
        ├── ml-dsa v0.1.1 (*)
        ├── ml-kem v0.3.2 (*)
        ├── module-lattice v0.2.3 (*)
        ├── x25519-dalek v2.0.1 (*)
        └── zkfmi-crypto v0.1.0 (/work)

syn v3.0.5
└── serde_derive v1.0.229 (proc-macro)
    └── serde v1.0.229
        ├── serde_spanned v0.6.9
        │   ├── toml v0.8.23
        │   │   [dev-dependencies]
        │   │   └── zkfmi-crypto v0.1.0 (/work)
        │   └── toml_edit v0.22.27
        │       └── toml v0.8.23 (*)
        ├── toml v0.8.23 (*)
        ├── toml_datetime v0.6.11
        │   ├── toml v0.8.23 (*)
        │   └── toml_edit v0.22.27 (*)
        ├── toml_edit v0.22.27 (*)
        └── zkfmi-crypto v0.1.0 (/work)
image_id=sha256:0e2bcaef56d041a486784e54104a81aebe0da44bd03019bd70bc0401e42e4a97 digests=["rust@sha256:0e2bcaef56d041a486784e54104a81aebe0da44bd03019bd70bc0401e42e4a97"]
completed_at=2026-09-05T05:22:43Z
result=PASS
